Component: ARM Compiler 5.06 update 3 (build 300) Tool: armlink [4d35c9]

==============================================================================

Section Cross References

    main.o(i.Data_Init) refers to main.o(.data) for .data
    main.o(i.Set_System) refers to usart.o(i.uart_init) for uart_init
    main.o(i.Set_System) refers to exti.o(i.EXTI_Init) for EXTI_Init
    main.o(i.Set_System) refers to led.o(i.LED_Init) for LED_Init
    main.o(i.Set_System) refers to dma.o(i.MYDMA_Config) for MYDMA_Config
    main.o(i.Set_System) refers to myiic.o(i.IIC_Init) for IIC_Init
    main.o(i.Set_System) refers to mpu9250.o(i.MPU9250_Init) for MPU9250_Init
    main.o(i.Set_System) refers to rtc.o(i.RTC_Init) for RTC_Init
    main.o(i.Set_System) refers to malloc.o(i.my_mem_init) for my_mem_init
    main.o(i.Set_System) refers to sdmmc_sdcard.o(i.SD_Init) for SD_Init
    main.o(i.Set_System) refers to delay.o(i.delay_ms) for delay_ms
    main.o(i.Set_System) refers to exfuns.o(i.exfuns_init) for exfuns_init
    main.o(i.Set_System) refers to ff.o(i.f_mount) for f_mount
    main.o(i.Set_System) refers to exfuns.o(i.sd_creatfile) for sd_creatfile
    main.o(i.Set_System) refers to main.o(.data) for .data
    main.o(i.Set_System) refers to exfuns.o(.bss) for fs
    main.o(i.main) refers to sys.o(i.Cache_Enable) for Cache_Enable
    main.o(i.main) refers to stm32f7xx_hal.o(i.HAL_Init) for HAL_Init
    main.o(i.main) refers to sys.o(i.Stm32_Clock_Init) for Stm32_Clock_Init
    main.o(i.main) refers to delay.o(i.delay_init) for delay_init
    main.o(i.main) refers to main.o(i.Set_System) for Set_System
    main.o(i.main) refers to getgps.o(i.GPS_Rate_Config) for GPS_Rate_Config
    main.o(i.main) refers to getgps.o(i.GpsConfig) for GpsConfig
    main.o(i.main) refers to tasks.o(i.xTaskCreate) for xTaskCreate
    main.o(i.main) refers to tasks.o(i.vTaskStartScheduler) for vTaskStartScheduler
    main.o(i.main) refers to main.o(.data) for .data
    main.o(i.main) refers to main.o(i.start_task) for start_task
    main.o(i.start_task) refers to port.o(i.vPortEnterCritical) for vPortEnterCritical
    main.o(i.start_task) refers to task1.o(i.task1_init) for task1_init
    main.o(i.start_task) refers to task2.o(i.task2_init) for task2_init
    main.o(i.start_task) refers to gpstask.o(i.GpsTask_init) for GpsTask_init
    main.o(i.start_task) refers to tasks.o(i.vTaskDelete) for vTaskDelete
    main.o(i.start_task) refers to port.o(i.vPortExitCritical) for vPortExitCritical
    main.o(i.start_task) refers to main.o(.data) for .data
    stm32f7xx_it.o(i.HardFault_Handler) refers to noretval__2printf.o(.text) for __2printf
    system_stm32f7xx.o(i.SystemCoreClockUpdate) refers to system_stm32f7xx.o(.data) for .data
    system_stm32f7xx.o(i.SystemCoreClockUpdate) refers to system_stm32f7xx.o(.constdata) for .constdata
    task1.o(i.task1_init) refers to tasks.o(i.xTaskCreate) for xTaskCreate
    task1.o(i.task1_init) refers to queue.o(i.xQueueGenericCreate) for xQueueGenericCreate
    task1.o(i.task1_init) refers to task1.o(.data) for .data
    task1.o(i.task1_init) refers to task1.o(i.task1_main) for task1_main
    task1.o(i.task1_main) refers to timer.o(i.TIM3_Init) for TIM3_Init
    task1.o(i.task1_main) refers to queue.o(i.xQueueReceiveFromISR) for xQueueReceiveFromISR
    task1.o(i.task1_main) refers to mpu9250.o(i.Get_IMU) for Get_IMU
    task1.o(i.task1_main) refers to task2.o(i.task2_send_massage) for task2_send_massage
    task1.o(i.task1_main) refers to task1.o(.data) for .data
    task1.o(i.task1_main) refers to exti.o(.data) for pps_get_flag
    task1.o(i.task1_send_massage) refers to queue.o(i.xQueueGenericSendFromISR) for xQueueGenericSendFromISR
    task1.o(i.task1_send_massage) refers to task1.o(.data) for .data
    task2.o(i.task2_init) refers to tasks.o(i.xTaskCreate) for xTaskCreate
    task2.o(i.task2_init) refers to queue.o(i.xQueueGenericCreate) for xQueueGenericCreate
    task2.o(i.task2_init) refers to task2.o(.data) for .data
    task2.o(i.task2_init) refers to task2.o(i.task2_main) for task2_main
    task2.o(i.task2_main) refers to queue.o(i.xQueueGenericReceive) for xQueueGenericReceive
    task2.o(i.task2_main) refers to rt_memcpy_w.o(.text) for __aeabi_memcpy4
    task2.o(i.task2_main) refers to sendgps.o(i.GetLGPGGA) for GetLGPGGA
    task2.o(i.task2_main) refers to sendgps.o(i.GetGPRMC) for GetGPRMC
    task2.o(i.task2_main) refers to ringbuffer.o(i.rec_sai_fifo_write) for rec_sai_fifo_write
    task2.o(i.task2_main) refers to noretval__2printf.o(.text) for __2printf
    task2.o(i.task2_main) refers to mpu9250.o(i.IMUData_Deal) for IMUData_Deal
    task2.o(i.task2_main) refers to main.o(.bss) for Gps_raw
    task2.o(i.task2_main) refers to task2.o(.data) for .data
    task2.o(i.task2_send_massage) refers to queue.o(i.xQueueGenericSend) for xQueueGenericSend
    task2.o(i.task2_send_massage) refers to task2.o(.data) for .data
[...]
    HAL_DMA_Abort_IT                         0x08002e87   Thumb Code    36  stm32f7xx_hal_dma.o(i.HAL_DMA_Abort_IT)
    HAL_DMA_DeInit                           0x08002ead   Thumb Code   124  stm32f7xx_hal_dma.o(i.HAL_DMA_DeInit)
    HAL_DMA_IRQHandler                       0x08002f31   Thumb Code   468  stm32f7xx_hal_dma.o(i.HAL_DMA_IRQHandler)
    HAL_DMA_Init                             0x08003111   Thumb Code   336  stm32f7xx_hal_dma.o(i.HAL_DMA_Init)
    HAL_DMA_Start_IT                         0x0800326d   Thumb Code   170  stm32f7xx_hal_dma.o(i.HAL_DMA_Start_IT)
    HAL_Delay                                0x08003317   Thumb Code    22  stm32f7xx_hal.o(i.HAL_Delay)
    HAL_GPIO_EXTI_Callback                   0x0800332d   Thumb Code    20  exti.o(i.HAL_GPIO_EXTI_Callback)
    HAL_GPIO_EXTI_IRQHandler                 0x08003349   Thumb Code    20  stm32f7xx_hal_gpio.o(i.HAL_GPIO_EXTI_IRQHandler)
    HAL_GPIO_Init                            0x08003361   Thumb Code   544  stm32f7xx_hal_gpio.o(i.HAL_GPIO_Init)
    HAL_GPIO_ReadPin                         0x08003591   Thumb Code    10  stm32f7xx_hal_gpio.o(i.HAL_GPIO_ReadPin)
    HAL_GPIO_WritePin                        0x0800359b   Thumb Code    10  stm32f7xx_hal_gpio.o(i.HAL_GPIO_WritePin)
    HAL_GetTick                              0x080035a5   Thumb Code     6  stm32f7xx_hal.o(i.HAL_GetTick)
    HAL_IncTick                              0x080035b1   Thumb Code    10  stm32f7xx_hal.o(i.HAL_IncTick)
    HAL_Init                                 0x080035c1   Thumb Code    32  stm32f7xx_hal.o(i.HAL_Init)
    HAL_InitTick                             0x080035e5   Thumb Code    34  stm32f7xx_hal.o(i.HAL_InitTick)
    HAL_MspInit                              0x0800360d   Thumb Code     2  stm32f7xx_hal.o(i.HAL_MspInit)
    HAL_NVIC_EnableIRQ                       0x0800360f   Thumb Code    24  stm32f7xx_hal_cortex.o(i.HAL_NVIC_EnableIRQ)
    HAL_NVIC_SetPriority                     0x08003629   Thumb Code    94  stm32f7xx_hal_cortex.o(i.HAL_NVIC_SetPriority)
    HAL_NVIC_SetPriorityGrouping             0x0800368d   Thumb Code    30  stm32f7xx_hal_cortex.o(i.HAL_NVIC_SetPriorityGrouping)
    HAL_PWREx_EnableOverDrive                0x080036b1   Thumb Code   114  stm32f7xx_hal_pwr_ex.o(i.HAL_PWREx_EnableOverDrive)
    HAL_PWR_EnableBkUpAccess                 0x0800372d   Thumb Code    12  stm32f7xx_hal_pwr.o(i.HAL_PWR_EnableBkUpAccess)
    HAL_RCCEx_PeriphCLKConfig                0x0800373d   Thumb Code  1872  stm32f7xx_hal_rcc_ex.o(i.HAL_RCCEx_PeriphCLKConfig)
    HAL_RCC_ClockConfig                      0x08003e95   Thumb Code   368  stm32f7xx_hal_rcc.o(i.HAL_RCC_ClockConfig)
    HAL_RCC_GetPCLK1Freq                     0x08004019   Thumb Code    34  stm32f7xx_hal_rcc.o(i.HAL_RCC_GetPCLK1Freq)
    HAL_RCC_GetPCLK2Freq                     0x08004049   Thumb Code    34  stm32f7xx_hal_rcc.o(i.HAL_RCC_GetPCLK2Freq)
    HAL_RCC_GetSysClockFreq                  0x08004079   Thumb Code   136  stm32f7xx_hal_rcc.o(i.HAL_RCC_GetSysClockFreq)
    HAL_RCC_OscConfig                        0x08004111   Thumb Code   942  stm32f7xx_hal_rcc_ex.o(i.HAL_RCC_OscConfig)
    HAL_RTC_GetDate                          0x080044d5   Thumb Code   102  stm32f7xx_hal_rtc.o(i.HAL_RTC_GetDate)
    HAL_RTC_GetTime                          0x0800453d   Thumb Code   112  stm32f7xx_hal_rtc.o(i.HAL_RTC_GetTime)
    HAL_RTC_Init                             0x080045b1   Thumb Code   158  stm32f7xx_hal_rtc.o(i.HAL_RTC_Init)
    HAL_RTC_MspInit                          0x08004651   Thumb Code    76  rtc.o(i.HAL_RTC_MspInit)
    HAL_RTC_SetDate                          0x080046a5   Thumb Code   204  stm32f7xx_hal_rtc.o(i.HAL_RTC_SetDate)
    HAL_RTC_SetTime                          0x08004771   Thumb Code   236  stm32f7xx_hal_rtc.o(i.HAL_RTC_SetTime)
    HAL_RTC_WaitForSynchro                   0x08004861   Thumb Code    60  stm32f7xx_hal_rtc.o(i.HAL_RTC_WaitForSynchro)
    HAL_SD_CheckReadOperation                0x0800489d   Thumb Code   106  stm32f7xx_hal_sd.o(i.HAL_SD_CheckReadOperation)
    HAL_SD_CheckWriteOperation               0x08004907   Thumb Code   196  stm32f7xx_hal_sd.o(i.HAL_SD_CheckWriteOperation)
    HAL_SD_DMA_RxCpltCallback                0x080049cb   Thumb Code     2  stm32f7xx_hal_sd.o(i.HAL_SD_DMA_RxCpltCallback)
    HAL_SD_DMA_RxErrorCallback               0x080049cd   Thumb Code     2  stm32f7xx_hal_sd.o(i.HAL_SD_DMA_RxErrorCallback)
    HAL_SD_DMA_TxCpltCallback                0x080049cf   Thumb Code     2  stm32f7xx_hal_sd.o(i.HAL_SD_DMA_TxCpltCallback)
    HAL_SD_DMA_TxErrorCallback               0x080049d1   Thumb Code     2  stm32f7xx_hal_sd.o(i.HAL_SD_DMA_TxErrorCallback)
    HAL_SD_Get_CardInfo                      0x080049d3   Thumb Code   706  stm32f7xx_hal_sd.o(i.HAL_SD_Get_CardInfo)
    HAL_SD_IRQHandler                        0x08004c95   Thumb Code   144  stm32f7xx_hal_sd.o(i.HAL_SD_IRQHandler)
    HAL_SD_Init                              0x08004d25   Thumb Code  1042  stm32f7xx_hal_sd.o(i.HAL_SD_Init)
    HAL_SD_MspInit                           0x08005139   Thumb Code   298  sdmmc_sdcard.o(i.HAL_SD_MspInit)
    HAL_SD_ReadBlocks_DMA                    0x08005285   Thumb Code   248  stm32f7xx_hal_sd.o(i.HAL_SD_ReadBlocks_DMA)
    HAL_SD_StopTransfer                      0x08005385   Thumb Code    44  stm32f7xx_hal_sd.o(i.HAL_SD_StopTransfer)
    HAL_SD_WideBusOperation_Config           0x080053b1   Thumb Code   314  stm32f7xx_hal_sd.o(i.HAL_SD_WideBusOperation_Config)
    HAL_SD_WriteBlocks_DMA                   0x080054ed   Thumb Code   250  stm32f7xx_hal_sd.o(i.HAL_SD_WriteBlocks_DMA)
    HAL_SD_XferCpltCallback                  0x080055f1   Thumb Code     2  stm32f7xx_hal_sd.o(i.HAL_SD_XferCpltCallback)
    HAL_SD_XferErrorCallback                 0x080055f3   Thumb Code     2  stm32f7xx_hal_sd.o(i.HAL_SD_XferErrorCallback)
    HAL_SYSTICK_CLKSourceConfig              0x080055f5   Thumb Code    22  stm32f7xx_hal_cortex.o(i.HAL_SYSTICK_CLKSourceConfig)
    HAL_SYSTICK_Config                       0x0800560d   Thumb Code    38  stm32f7xx_hal_cortex.o(i.HAL_SYSTICK_Config)
    HAL_TIMEx_BreakCallback                  0x08005639   Thumb Code     2  stm32f7xx_hal_tim_ex.o(i.HAL_TIMEx_BreakCallback)
    HAL_TIMEx_CommutationCallback            0x0800563b   Thumb Code     2  stm32f7xx_hal_tim_ex.o(i.HAL_TIMEx_CommutationCallback)
    HAL_TIM_Base_Init                        0x0800563d   Thumb Code    50  stm32f7xx_hal_tim.o(i.HAL_TIM_Base_Init)
    HAL_TIM_Base_MspInit                     0x08005671   Thumb Code    96  timer.o(i.HAL_TIM_Base_MspInit)
    HAL_TIM_Base_Start_IT                    0x080056d5   Thumb Code    24  stm32f7xx_hal_tim.o(i.HAL_TIM_Base_Start_IT)
    HAL_TIM_IC_CaptureCallback               0x080056ed   Thumb Code     2  stm32f7xx_hal_tim.o(i.HAL_TIM_IC_CaptureCallback)
    HAL_TIM_IRQHandler                       0x080056ef   Thumb Code   390  stm32f7xx_hal_tim.o(i.HAL_TIM_IRQHandler)
    HAL_TIM_OC_DelayElapsedCallback          0x08005875   Thumb Code     2  stm32f7xx_hal_tim.o(i.HAL_TIM_OC_DelayElapsedCallback)
    HAL_TIM_PWM_PulseFinishedCallback        0x08005877   Thumb Code     2  stm32f7xx_hal_tim.o(i.HAL_TIM_PWM_PulseFinishedCallback)
    HAL_TIM_PeriodElapsedCallback            0x08005879   Thumb Code    38  timer.o(i.HAL_TIM_PeriodElapsedCallback)
    HAL_TIM_TriggerCallback                  0x080058b9   Thumb Code     2  stm32f7xx_hal_tim.o(i.HAL_TIM_TriggerCallback)
    HAL_UART_DMAStop                         0x080058bb   Thumb Code   120  stm32f7xx_hal_uart.o(i.HAL_UART_DMAStop)
    HAL_UART_ErrorCallback                   0x08005933   Thumb Code     2  stm32f7xx_hal_uart.o(i.HAL_UART_ErrorCallback)
    HAL_UART_IRQHandler                      0x08005935   Thumb Code   448  stm32f7xx_hal_uart.o(i.HAL_UART_IRQHandler)
    HAL_UART_Init                            0x08005af9   Thumb Code   110  stm32f7xx_hal_uart.o(i.HAL_UART_Init)
    HAL_UART_MspInit                         0x08005b69   Thumb Code   226  usart.o(i.HAL_UART_MspInit)
    HAL_UART_Receive_IT                      0x08005c5d   Thumb Code   160  stm32f7xx_hal_uart.o(i.HAL_UART_Receive_IT)
    HAL_UART_RxCpltCallback                  0x08005cfd   Thumb Code    70  usart.o(i.HAL_UART_RxCpltCallback)
    HAL_UART_Transmit                        0x08005d51   Thumb Code   186  stm32f7xx_hal_uart.o(i.HAL_UART_Transmit)
    HAL_UART_Transmit_DMA                    0x08005e0d   Thumb Code   130  stm32f7xx_hal_uart.o(i.HAL_UART_Transmit_DMA)
    HAL_UART_TxCpltCallback                  0x08005e9d   Thumb Code     2  stm32f7xx_hal_uart.o(i.HAL_UART_TxCpltCallback)
    HAL_UART_TxHalfCpltCallback              0x08005e9f   Thumb Code     2  stm32f7xx_hal_uart.o(i.HAL_UART_TxHalfCpltCallback)
    HardFault_Handler                        0x08005ea1   Thumb Code     8  stm32f7xx_it.o(i.HardFault_Handler)
    I2C_RadeByte                             0x08005ec5   Thumb Code    90  myiic.o(i.I2C_RadeByte)
    IIC_Ack                                  0x08005f25   Thumb Code    76  myiic.o(i.IIC_Ack)
    IIC_Init                                 0x08005f75   Thumb Code    70  myiic.o(i.IIC_Init)
    IIC_NAck                                 0x08005fc5   Thumb Code    76  myiic.o(i.IIC_NAck)
    IIC_Send_Byte                            0x08006015   Thumb Code   114  myiic.o(i.IIC_Send_Byte)
    IIC_Start                                0x0800608d   Thumb Code    76  myiic.o(i.IIC_Start)
    IIC_Stop                                 0x080060dd   Thumb Code    76  myiic.o(i.IIC_Stop)
    IMUData_Deal                             0x0800612d   Thumb Code   578  mpu9250.o(i.IMUData_Deal)
    LED_Init                                 0x0800638d   Thumb Code    68  led.o(i.LED_Init)
    MPU9250_Init                             0x080063d9   Thumb Code    70  mpu9250.o(i.MPU9250_Init)
    MPU_Read                                 0x0800641f   Thumb Code    64  myiic.o(i.MPU_Read)
    MPU_Write                                0x0800645f   Thumb Code    62  myiic.o(i.MPU_Write)
    MYDMA_Config                             0x0800649d   Thumb Code   152  dma.o(i.MYDMA_Config)
    MemManage_Handler                        0x0800654d   Thumb Code     2  stm32f7xx_it.o(i.MemManage_Handler)
    Message_Ack_handle                       0x08006551   Thumb Code   168  usart.o(i.Message_Ack_handle)
    NMI_Handler                              0x08006605   Thumb Code     2  stm32f7xx_it.o(i.NMI_Handler)
    ProcessCheckResult                       0x08006609   Thumb Code    60  sendgps.o(i.ProcessCheckResult)
    ProcessCheckToA                          0x0800664d   Thumb Code    46  sendgps.o(i.ProcessCheckToA)
    ProcessCheckToAIMU                       0x08006685   Thumb Code    44  mpu9250.o(i.ProcessCheckToAIMU)
    ProcessCount                             0x080066b5   Thumb Code    50  mpu9250.o(i.ProcessCount)
    ProcessCountms                           0x080066ed   Thumb Code   148  mpu9250.o(i.ProcessCountms)
    ProcessGPGGA                             0x08006789   Thumb Code   772  getgps.o(i.ProcessGPGGA)
    ProcessGPRMC                             0x08006ab1   Thumb Code   800  getgps.o(i.ProcessGPRMC)
    ProcessIITOA                             0x08006df1   Thumb Code   148  sendgps.o(i.ProcessIITOA)
    ProcessITOA                              0x08006e8d   Thumb Code    50  sendgps.o(i.ProcessITOA)
    ProcessLatToA                            0x08006ec9   Thumb Code   516  sendgps.o(i.ProcessLatToA)
    ProcessLongToA                           0x080070f1   Thumb Code   546  sendgps.o(i.ProcessLongToA)
    ProcessSFTOA                             0x08007339   Thumb Code  1498  sendgps.o(i.ProcessSFTOA)
    RTC_ByteToBcd2                           0x08007913   Thumb Code    24  stm32f7xx_hal_rtc.o(i.RTC_ByteToBcd2)
    RTC_EnterInitMode                        0x0800792b   Thumb Code    66  stm32f7xx_hal_rtc.o(i.RTC_EnterInitMode)
    RTC_Init                                 0x0800796d   Thumb Code   122  rtc.o(i.RTC_Init)
    Receive_NMEA                             0x080079f1   Thumb Code   420  usart.o(i.Receive_NMEA)
    SDMMC1_IRQHandler                        0x08007be9   Thumb Code     6  sdmmc_sdcard.o(i.SDMMC1_IRQHandler)
    SDMMC_DataConfig                         0x08007bf5   Thumb Code    36  stm32f7xx_ll_sdmmc.o(i.SDMMC_DataConfig)
    SDMMC_GetCommandResponse                 0x08007c19   Thumb Code     6  stm32f7xx_ll_sdmmc.o(i.SDMMC_GetCommandResponse)
    SDMMC_GetPowerState                      0x08007c1f   Thumb Code     8  stm32f7xx_ll_sdmmc.o(i.SDMMC_GetPowerState)
    SDMMC_GetResponse                        0x08007c27   Thumb Code    14  stm32f7xx_ll_sdmmc.o(i.SDMMC_GetResponse)
    SDMMC_Init                               0x08007c35   Thumb Code    44  stm32f7xx_ll_sdmmc.o(i.SDMMC_Init)
    SDMMC_PowerState_ON                      0x08007c61   Thumb Code     8  stm32f7xx_ll_sdmmc.o(i.SDMMC_PowerState_ON)
    SDMMC_ReadFIFO                           0x08007c69   Thumb Code     6  stm32f7xx_ll_sdmmc.o(i.SDMMC_ReadFIFO)
    SDMMC_SendCommand                        0x08007c6f   Thumb Code    32  stm32f7xx_ll_sdmmc.o(i.SDMMC_SendCommand)
    SD_Init                                  0x08007f21   Thumb Code    56  sdmmc_sdcard.o(i.SD_Init)
    SD_ReadBlocks_DMA                        0x08007f61   Thumb Code    78  sdmmc_sdcard.o(i.SD_ReadBlocks_DMA)
    SD_ReadDisk                              0x08007fb9   Thumb Code   176  sdmmc_sdcard.o(i.SD_ReadDisk)
    SD_WriteBlocks_DMA                       0x08008079   Thumb Code    78  sdmmc_sdcard.o(i.SD_WriteBlocks_DMA)
    SD_WriteDisk                             0x080080d1   Thumb Code   184  sdmmc_sdcard.o(i.SD_WriteDisk)
    SendConfigMessage                        0x08008199   Thumb Code   564  getgps.o(i.SendConfigMessage)
    Set_System                               0x080083f9   Thumb Code   136  main.o(i.Set_System)
    Stm32_Clock_Init                         0x08008495   Thumb Code   152  sys.o(i.Stm32_Clock_Init)
    SysTick_Handler                          0x08008535   Thumb Code    22  delay.o(i.SysTick_Handler)
    SystemInit                               0x0800854d   Thumb Code    64  system_stm32f7xx.o(i.SystemInit)
    TIM2_IRQHandler                          0x080085a5   Thumb Code     6  timer.o(i.TIM2_IRQHandler)
    TIM3_IRQHandler                          0x080085b1   Thumb Code     6  timer.o(i.TIM3_IRQHandler)
    TIM3_Init                                0x080085bd   Thumb Code    34  timer.o(i.TIM3_Init)
    TIM_Base_SetConfig                       0x080085e9   Thumb Code   176  stm32f7xx_hal_tim.o(i.TIM_Base_SetConfig)
    UART_AdvFeatureConfig                    0x080086ad   Thumb Code   218  stm32f7xx_hal_uart.o(i.UART_AdvFeatureConfig)
    UART_CheckIdleState                      0x08008787   Thumb Code    96  stm32f7xx_hal_uart.o(i.UART_CheckIdleState)
    UART_SetConfig                           0x08008919   Thumb Code   664  stm32f7xx_hal_uart.o(i.UART_SetConfig)
    UART_WaitOnFlagUntilTimeout              0x08008bc1   Thumb Code   116  stm32f7xx_hal_uart.o(i.UART_WaitOnFlagUntilTimeout)
    USART1_IRQHandler                        0x08008c35   Thumb Code    24  usart.o(i.USART1_IRQHandler)
    USART2_IRQHandler                        0x08008c55   Thumb Code    24  usart.o(i.USART2_IRQHandler)
    UsageFault_Handler                       0x08008c75   Thumb Code     2  stm32f7xx_it.o(i.UsageFault_Handler)
    __hardfp_atof                            0x08008c79   Thumb Code    44  atof.o(i.__hardfp_atof)
    __mathlib_dbl_overflow                   0x08008cb1   Thumb Code    10  dunder.o(i.__mathlib_dbl_overflow)
    __mathlib_dbl_underflow                  0x08008cc9   Thumb Code    10  dunder.o(i.__mathlib_dbl_underflow)
    __mathlib_narrow                         0x08008ce1   Thumb Code   144  narrow.o(i.__mathlib_narrow)
    __support_ldexp                          0x08008d89   Thumb Code   170  ldexp.o(i.__support_ldexp)
    _is_digit                                0x08008e41   Thumb Code    14  __printf_wp.o(i._is_digit)
    _sys_exit                                0x08008e4f   Thumb Code     2  usart.o(i._sys_exit)
    delay_init                               0x08009185   Thumb Code    50  delay.o(i.delay_init)
    delay_ms                                 0x080091bd   Thumb Code    86  delay.o(i.delay_ms)
    delay_us                                 0x08009219   Thumb Code    46  delay.o(i.delay_us)
    disk_initialize                          0x08009c9d   Thumb Code    18  diskio.o(i.disk_initialize)
    disk_ioctl                               0x08009cb1   Thumb Code    64  diskio.o(i.disk_ioctl)
    disk_read                                0x08009cf5   Thumb Code    56  diskio.o(i.disk_read)
    disk_status                              0x08009d2d   Thumb Code     4  diskio.o(i.disk_status)
    disk_write                               0x08009d31   Thumb Code    56  diskio.o(i.disk_write)
    eTaskGetState                            0x08009d69   Thumb Code    88  tasks.o(i.eTaskGetState)
    exfuns_init                              0x08009df1   Thumb Code    96  exfuns.o(i.exfuns_init)
    f_close                                  0x08009e59   Thumb Code    32  ff.o(i.f_close)
    f_lseek                                  0x08009e79   Thumb Code   780  ff.o(i.f_lseek)
    f_mkdir                                  0x0800a185   Thumb Code   498  ff.o(i.f_mkdir)
    f_mount                                  0x0800a379   Thumb Code    78  ff.o(i.f_mount)
    f_open                                   0x0800a3cd   Thumb Code   714  ff.o(i.f_open)
    f_opendir                                0x0800a697   Thumb Code   238  ff.o(i.f_opendir)
    f_printf                                 0x0800a785   Thumb Code   972  ff.o(i.f_printf)
    f_puts                                   0x0800ab51   Thumb Code   120  ff.o(i.f_puts)
    f_sync                                   0x0800abc9   Thumb Code   442  ff.o(i.f_sync)
    f_write                                  0x0800ad83   Thumb Code   588  ff.o(i.f_write)
    ff_convert                               0x0800afd1   Thumb Code    80  cc936.o(i.ff_convert)
    ff_memalloc                              0x0800b029   Thumb Code     8  diskio.o(i.ff_memalloc)
    ff_memfree                               0x0800b031   Thumb Code     8  diskio.o(i.ff_memfree)
    ff_wtoupper                              0x0800b039   Thumb Code   152  cc936.o(i.ff_wtoupper)
    fputc                                    0x0800b985   Thumb Code    16  usart.o(i.fputc)
    frexp                                    0x0800b999   Thumb Code   118  frexp.o(i.frexp)
    get_fattime                              0x0800bb87   Thumb Code     4  diskio.o(i.get_fattime)
    main                                     0x0800bd75   Thumb Code    78  main.o(i.main)
    my_mem_init                              0x0800be11   Thumb Code    52  malloc.o(i.my_mem_init)
    my_mem_malloc                            0x0800be4d   Thumb Code   134  malloc.o(i.my_mem_malloc)
    my_mem_perused                           0x0800bee1   Thumb Code    58  malloc.o(i.my_mem_perused)
    myfree                                   0x0800bf25   Thumb Code    98  malloc.o(i.myfree)
    mymalloc                                 0x0800bf95   Thumb Code    30  malloc.o(i.mymalloc)
    pvPortMalloc                             0x0800c745   Thumb Code   282  heap_4.o(i.pvPortMalloc)
    pvTaskIncrementMutexHeldCount            0x0800c8a5   Thumb Code    18  tasks.o(i.pvTaskIncrementMutexHeldCount)
    pxPortInitialiseStack                    0x0800c8bd   Thumb Code    38  port.o(i.pxPortInitialiseStack)
    rec_sai_fifo_read                        0x0800c8e9   Thumb Code    44  ringbuffer.o(i.rec_sai_fifo_read)
    rec_sai_fifo_write                       0x0800c91d   Thumb Code    90  ringbuffer.o(i.rec_sai_fifo_write)
    sd_creatfile                             0x0800cae9   Thumb Code   114  exfuns.o(i.sd_creatfile)
    sd_savefifo                              0x0800cbbd   Thumb Code    92  exfuns.o(i.sd_savefifo)
    start_task                               0x0800cc91   Thumb Code    34  main.o(i.start_task)
    task1_init                               0x0800ce39   Thumb Code    50  task1.o(i.task1_init)
    task1_main                               0x0800ce85   Thumb Code    92  task1.o(i.task1_main)
    task1_send_massage                       0x0800cee9   Thumb Code    34  task1.o(i.task1_send_massage)
    task2_init                               0x0800cf11   Thumb Code    50  task2.o(i.task2_init)
    task2_main                               0x0800cf59   Thumb Code   170  task2.o(i.task2_main)
    task2_send_massage                       0x0800d079   Thumb Code    32  task2.o(i.task2_send_massage)
    uart_init                                0x0800d09d   Thumb Code    80  usart.o(i.uart_init)
    uxListRemove                             0x0800d105   Thumb Code    36  list.o(i.uxListRemove)
    vListInitialise                          0x0800d129   Thumb Code    22  list.o(i.vListInitialise)
    vListInitialiseItem                      0x0800d13f   Thumb Code     6  list.o(i.vListInitialiseItem)
    vListInsert                              0x0800d145   Thumb Code    58  list.o(i.vListInsert)
    vListInsertEnd                           0x0800d17f   Thumb Code    24  list.o(i.vListInsertEnd)
    vPortEnterCritical                       0x0800d199   Thumb Code    56  port.o(i.vPortEnterCritical)
    vPortExitCritical                        0x0800d219   Thumb Code    38  port.o(i.vPortExitCritical)
    vPortFree                                0x0800d285   Thumb Code   100  heap_4.o(i.vPortFree)
    vPortValidateInterruptPriority           0x0800d325   Thumb Code    70  port.o(i.vPortValidateInterruptPriority)
    vQueueAddToRegistry                      0x0800d3b5   Thumb Code    34  queue.o(i.vQueueAddToRegistry)
    vQueueWaitForMessageRestricted           0x0800d3dd   Thumb Code    74  queue.o(i.vQueueWaitForMessageRestricted)
    vTaskDelay                               0x0800d429   Thumb Code    66  tasks.o(i.vTaskDelay)
    vTaskDelete                              0x0800d499   Thumb Code   190  tasks.o(i.vTaskDelete)
    vTaskMissedYield                         0x0800d58d   Thumb Code     8  tasks.o(i.vTaskMissedYield)
    vTaskPlaceOnEventList                    0x0800d599   Thumb Code    46  tasks.o(i.vTaskPlaceOnEventList)
    vTaskPlaceOnEventListRestricted          0x0800d5f1   Thumb Code    56  tasks.o(i.vTaskPlaceOnEventListRestricted)
    vTaskPriorityInherit                     0x0800d651   Thumb Code   132  tasks.o(i.vTaskPriorityInherit)
    vTaskSetTimeOutState                     0x0800d6dd   Thumb Code    32  tasks.o(i.vTaskSetTimeOutState)
    vTaskStartScheduler                      0x0800d705   Thumb Code   106  tasks.o(i.vTaskStartScheduler)
    vTaskSuspendAll                          0x0800d7a9   Thumb Code    10  tasks.o(i.vTaskSuspendAll)
    vTaskSwitchContext                       0x0800d7b9   Thumb Code    84  tasks.o(i.vTaskSwitchContext)
    xPortStartScheduler                      0x0800d851   Thumb Code   182  port.o(i.xPortStartScheduler)
    xPortSysTickHandler                      0x0800d95d   Thumb Code    42  port.o(i.xPortSysTickHandler)
    xQueueGenericCreate                      0x0800d98d   Thumb Code    88  queue.o(i.xQueueGenericCreate)
    xQueueGenericReceive                     0x0800d9e9   Thumb Code   412  queue.o(i.xQueueGenericReceive)
    xQueueGenericReset                       0x0800dbad   Thumb Code   126  queue.o(i.xQueueGenericReset)
    xQueueGenericSend                        0x0800dc55   Thumb Code   360  queue.o(i.xQueueGenericSend)
    xQueueGenericSendFromISR                 0x0800dde5   Thumb Code   198  queue.o(i.xQueueGenericSendFromISR)
    xQueueReceiveFromISR                     0x0800ded1   Thumb Code   170  queue.o(i.xQueueReceiveFromISR)
    xTaskCheckForTimeOut                     0x0800df81   Thumb Code   118  tasks.o(i.xTaskCheckForTimeOut)
    xTaskCreate                              0x0800e025   Thumb Code   358  tasks.o(i.xTaskCreate)
    xTaskGetSchedulerState                   0x0800e1ad   Thumb Code    24  tasks.o(i.xTaskGetSchedulerState)
    xTaskGetTickCount                        0x0800e1c9   Thumb Code     6  tasks.o(i.xTaskGetTickCount)
    xTaskIncrementTick                       0x0800e1d5   Thumb Code   222  tasks.o(i.xTaskIncrementTick)
    xTaskPriorityDisinherit                  0x0800e2e1   Thumb Code   138  tasks.o(i.xTaskPriorityDisinherit)
    xTaskRemoveFromEventList                 0x0800e399   Thumb Code   100  tasks.o(i.xTaskRemoveFromEventList)
    xTaskResumeAll                           0x0800e42d   Thumb Code   210  tasks.o(i.xTaskResumeAll)
    xTimerCreateTimerTask                    0x0800e535   Thumb Code   110  timers.o(i.xTimerCreateTimerTask)
    xTimerGenericCommand                     0x0800e5f1   Thumb Code   110  timers.o(i.xTimerGenericCommand)
    _get_lc_numeric                          0x0800e68d   Thumb Code    44  lc_numeric_c.o(locale$$code)
    _get_lc_ctype                            0x0800e6b9   Thumb Code    44  lc_ctype_c.o(locale$$code)
    __fpl_dcheck_NaN1                        0x0800e6e5   Thumb Code    10  dcheck1.o(x$fpl$dcheck1)
    __fpl_dnaninf                            0x0800e6f5   Thumb Code   156  dnaninf.o(x$fpl$dnaninf)
    _fp_init                                 0x0800e791   Thumb Code    10  fpinit.o(x$fpl$fpinit)
    __fplib_config_fpu_vfp                   0x0800e799   Thumb Code     0  fpinit.o(x$fpl$fpinit)
    __fplib_config_pureend_doubles           0x0800e799   Thumb Code     0  fpinit.o(x$fpl$fpinit)
    __aeabi_d2ulz                            0x0800e79d   Thumb Code     0  dfixull.o(x$fpl$llufromd)
    _ll_ufrom_d                              0x0800e79d   Thumb Code   120  dfixull.o(x$fpl$llufromd)
    __fpl_return_NaN                         0x0800e815   Thumb Code   100  retnan.o(x$fpl$retnan)
    __ARM_scalbn                             0x0800e879   Thumb Code    92  scalbn.o(x$fpl$scalbn)
    _scanf_real                              0x0800e8d5   Thumb Code     4  scanf1.o(x$fpl$scanf1)
    _scanf_hex_real                          0x0800e8d9   Thumb Code     4  scanf2.o(x$fpl$scanf2)
    _scanf_infnan                            0x0800e8dd   Thumb Code     4  scanf2.o(x$fpl$scanf2)
    __fpl_cmpreturn                          0x0800e8e1   Thumb Code    48  trapv.o(x$fpl$trapveneer)
    AHBPrescTable                            0x0800e910   Data          16  system_stm32f7xx.o(.constdata)
    __I$use$fp                               0x0800e910   Number         0  usenofp.o(x$fpl$usenofp)
    APBPrescTable                            0x0800e920   Data           8  system_stm32f7xx.o(.constdata)
    memtblsize                               0x08039530   Data          12  malloc.o(.constdata)
    memblksize                               0x0803953c   Data          12  malloc.o(.constdata)
    memsize                                  0x08039548   Data          12  malloc.o(.constdata)
    Region$$Table$$Base                      0x080395e8   Number         0  anon$$obj.o(Region$$Table)
    Region$$Table$$Limit                     0x08039608   Number         0  anon$$obj.o(Region$$Table)
    __aeabi_HUGE_VAL                         0x08039608   Data           0  fpconst.o(c$$dinf)
    __aeabi_HUGE_VALL                        0x08039608   Data           0  fpconst.o(c$$dinf)
    __aeabi_INFINITY                         0x08039608   Data           0  fpconst.o(c$$dinf)
    __dInf                                   0x08039608   Data           0  fpconst.o(c$$dinf)
    __huge_val                               0x08039608   Data           0  fpconst.o(c$$dinf)
    __ctype                                  0x08039639   Data           0  lc_ctype_c.o(locale$$data)
    mem3base                                 0x20000000   Data       61440  malloc.o(.ARM.__AT_0x20000000)
    mem3mapbase                              0x2000f000   Data        3840  malloc.o(.ARM.__AT_0x2000F000)
    StartTask_Handler                        0x20020000   Data           4  main.o(.data)
    Gps_Init                                 0x20020004   Data           8  main.o(.data)
    GpsCon_Data                              0x2002000c   Data           8  main.o(.data)
    SystemCoreClock                          0x20020014   Data           4  system_stm32f7xx.o(.data)
    imu_get_count                            0x20020018   Data           1  task1.o(.data)
    Task1_Handler                            0x2002001c   Data           4  task1.o(.data)
    Task1_Queue                              0x20020020   Data           4  task1.o(.data)
    imu_get_buf                              0x20020024   Data           4  task1.o(.data)
    imu_massage                              0x20020028   Data           8  task1.o(.data)
    Task2_Handler                            0x20020030   Data           4  task2.o(.data)
    Task2_Queue                              0x20020034   Data           4  task2.o(.data)
    Gps_Sendbuff                             0x20020038   Data           4  task2.o(.data)
    GpsTask_Handler                          0x2002003c   Data           4  gpstask.o(.data)
    GpsTask_Queue                            0x20020040   Data           4  gpstask.o(.data)
    Gps_data                                 0x20020044   Data           4  gpstask.o(.data)
    GGB_Data                                 0x200200b0   Data           8  sendgps.o(.data)
    usart2_count                             0x200200c0   Data           1  usart.o(.data)
    getBuffer1                               0x200200c1   Data           1  usart.o(.data)
    getBuffer2                               0x200200c2   Data           1  usart.o(.data)
    Message_Rx_Counter                       0x200200c3   Data           1  usart.o(.data)
    Message_Rx_Max                           0x200200c4   Data           1  usart.o(.data)
    gga_trans_flag                           0x200200c5   Data           1  usart.o(.data)
    rmc_trans_flag                           0x200200c6   Data           1  usart.o(.data)
    gst_trans_flag                           0x200200c7   Data           1  usart.o(.data)
    gga_finish_flag                          0x200200c8   Data           1  usart.o(.data)
    rmc_finish_flag                          0x200200c9   Data           1  usart.o(.data)
    gst_finish_flag                          0x200200ca   Data           1  usart.o(.data)
    nmea_count                               0x200200cb   Data           1  usart.o(.data)
    __stdout                                 0x200200cc   Data           4  usart.o(.data)
    uwTick                                   0x200200d0   Data           4  stm32f7xx_hal.o(.data)
    IMU_TIME_Data                            0x200200da   Data           4  mpu9250.o(.data)
    RTC_DateStruct                           0x200200de   Data           4  mpu9250.o(.data)
    pps_get_flag                             0x200200e2   Data           1  exti.o(.data)
    pxCurrentTCB                             0x200200e4   Data           4  tasks.o(.data)
    file                                     0x2002015c   Data           4  exfuns.o(.data)
    ftemp                                    0x20020160   Data           4  exfuns.o(.data)
    fatbuf                                   0x20020164   Data           4  exfuns.o(.data)
    sairecfifordpos                          0x20020168   Data           1  ringbuffer.o(.data)
    sairecfifowrpos                          0x20020169   Data           1  ringbuffer.o(.data)
    mallco_dev                               0x2002016c   Data          36  malloc.o(.data)
    Gps_raw                                  0x20020190   Data        1232  main.o(.bss)
    GpsGet_Data                              0x20020660   Data          10  main.o(.bss)
    GINavResult                              0x20020670   Data          96  main.o(.bss)
    GGA_Data                                 0x200206ee   Data          30  sendgps.o(.bss)
    GGS_Data                                 0x2002070c   Data          15  sendgps.o(.bss)
    RMC_TX_DATA                              0x2002071b   Data         200  sendgps.o(.bss)
    GGA_TX_DATA                              0x200207e3   Data         200  sendgps.o(.bss)
    UART1_Handler                            0x200208ac   Data         112  usart.o(.bss)
    UART2_Handler                            0x2002091c   Data         112  usart.o(.bss)
    Message_Rx_Data                          0x2002098c   Data          12  usart.o(.bss)
    usart2_buf                               0x20020998   Data         100  usart.o(.bss)
    TIM2_Handler                             0x200209fc   Data          60  timer.o(.bss)
    TIM3_Handler                             0x20020a38   Data          60  timer.o(.bss)
    RTC_TimeStruct                           0x20020a74   Data          24  mpu9250.o(.bss)
    UART1TxDMA_Handler                       0x20020a8c   Data          96  dma.o(.bss)
    UART2TxDMA_Handler                       0x20020aec   Data          96  dma.o(.bss)
    RTC_Handler                              0x20020b4c   Data          32  rtc.o(.bss)
    SDCARD_Handler                           0x20020b70   Data          96  sdmmc_sdcard.o(.bss)
    SDCardInfo                               0x20020bd0   Data          88  sdmmc_sdcard.o(.bss)
    SDTxDMAHandler                           0x20020c28   Data          96  sdmmc_sdcard.o(.bss)
    SDRxDMAHandler                           0x20020c88   Data          96  sdmmc_sdcard.o(.bss)
    SDIO_DATA_BUFFER                         0x20020ce8   Data         512  sdmmc_sdcard.o(.bss)
    xQueueRegistry                           0x20020ee8   Data          64  queue.o(.bss)
    g_GINavInfo                              0x2002ca38   Data        1240  globalvars.o(.bss)
    fs                                       0x2002cf1c   Data          12  exfuns.o(.bss)
    sairecfifobuf                            0x2002cf28   Data         600  ringbuffer.o(.bss)
    mem1base                                 0x2002d180   Data       163840  malloc.o(.bss)
    mem1mapbase                              0x20055180   Data       10240  malloc.o(.bss)
    __libspace_start                         0x20057980   Data          96  libspace.o(.bss)
    __temporary_stack_top$libspace           0x200579e0   Data           0  libspace.o(.bss)
    mem2base                                 0xc01f4000   Data       29605888  malloc.o(.ARM.__AT_0xC01F4000)
    mem2mapbase                              0xc1e30000   Data       1850368  malloc.o(.ARM.__AT_0xC1E30000)



==============================================================================

Memory Map of the image

  Image Entry point : 0x080001f9

  Load Region LR_IROM1 (Base: 0x08000000, Size: 0x000398cc, Max: 0x00100000, ABSOLUTE, COMPRESSED[0x00039768])

    Execution Region ER_IROM1 (Base: 0x08000000, Size: 0x0003973c, Max: 0x00100000, ABSOLUTE)

    Base Addr    Size         Type   Attr      Idx    E Section Name        Object

    0x08000000   0x000001f8   Data   RO         1197    RESET               startup_stm32f767xx.o
    0x080001f8   0x00000008   Code   RO         6948  * !!!main             c_w.l(__main.o)
    0x08000200   0x00000034   Code   RO         7437    !!!scatter          c_w.l(__scatter.o)
    0x08000234   0x0000003a   Code   RO         7435    !!dczerorl          c_w.l(__dczerorl.o)
    0x0800026e   0x00000002   PAD
    0x08000270   0x0000001c   Code   RO         7439    !!handler_zi        c_w.l(__scatter_zi.o)
    0x0800028c   0x00000000   Code   RO         6922    .ARM.Collect$$_printf_percent$$00000000  c_w.l(_printf_percent.o)
    0x0800028c   0x00000006   Code   RO         6920    .ARM.Collect$$_printf_percent$$00000009  c_w.l(_printf_d.o)
    0x08000292   0x00000006   Code   RO         6918    .ARM.Collect$$_printf_percent$$00000014  c_w.l(_printf_s.o)
    0x08000298   0x00000004   Code   RO         7103    .ARM.Collect$$_printf_percent$$00000017  c_w.l(_printf_percent_end.o)
    0x0800029c   0x00000002   Code   RO         7296    .ARM.Collect$$libinit$$00000000  c_w.l(libinit.o)
    0x0800029e   0x00000004   Code   RO         7111    .ARM.Collect$$libinit$$00000001  c_w.l(libinit2.o)
    0x080002a2   0x00000000   Code   RO         7114    .ARM.Collect$$libinit$$00000004  c_w.l(libinit2.o)
    0x080002a2   0x00000000   Code   RO         7117    .ARM.Collect$$libinit$$0000000A  c_w.l(libinit2.o)
    0x080002a2   0x00000000   Code   RO         7119    .ARM.Collect$$libinit$$0000000C  c_w.l(libinit2.o)
    0x080002a2   0x00000000   Code   RO         7121    .ARM.Collect$$libinit$$0000000E  c_w.l(libinit2.o)
    0x080002a2   0x00000006   Code   RO         7122    .ARM.Collect$$libinit$$0000000F  c_w.l(libinit2.o)
    0x080002a8   0x00000000   Code   RO         7124    .ARM.Collect$$libinit$$00000011  c_w.l(libinit2.o)
    0x080002a8   0x0000000c   Code   RO         7125    .ARM.Collect$$libinit$$00000012  c_w.l(libinit2.o)
    0x080002b4   0x00000000   Code   RO         7126    .ARM.Collect$$libinit$$00000013  c_w.l(libinit2.o)
    0x080002b4   0x00000000   Code   RO         7128    .ARM.Collect$$libinit$$00000015  c_w.l(libinit2.o)
    0x080002b4   0x0000000a   Code   RO         7129    .ARM.Collect$$libinit$$00000016  c_w.l(libinit2.o)
    0x080002be   0x00000000   Code   RO         7130    .ARM.Collect$$libinit$$00000017  c_w.l(libinit2.o)
    0x080002be   0x00000000   Code   RO         7132    .ARM.Collect$$libinit$$00000019  c_w.l(libinit2.o)
    0x080002be   0x00000000   Code   RO         7134    .ARM.Collect$$libinit$$0000001B  c_w.l(libinit2.o)
    0x080002be   0x00000000   Code   RO         7136    .ARM.Collect$$libinit$$0000001D  c_w.l(libinit2.o)
    0x080002be   0x00000000   Code   RO         7138    .ARM.Collect$$libinit$$0000001F  c_w.l(libinit2.o)
    0x080002be   0x00000000   Code   RO         7140    .ARM.Collect$$libinit$$00000021  c_w.l(libinit2.o)
    0x080002be   0x00000000   Code   RO         7142    .ARM.Collect$$libinit$$00000023  c_w.l(libinit2.o)
    0x080002be   0x00000000   Code   RO         7144    .ARM.Collect$$libinit$$00000025  c_w.l(libinit2.o)
    0x080002be   0x00000000   Code   RO         7148    .ARM.Collect$$libinit$$0000002C  c_w.l(libinit2.o)
    0x080002be   0x00000000   Code   RO         7150    .ARM.Collect$$libinit$$0000002E  c_w.l(libinit2.o)
    0x080002be   0x00000000   Code   RO         7152    .ARM.Collect$$libinit$$00000030  c_w.l(libinit2.o)
    0x080002be   0x00000000   Code   RO         7154    .ARM.Collect$$libinit$$00000032  c_w.l(libinit2.o)
    0x080002be   0x00000002   Code   RO         7155    .ARM.Collect$$libinit$$00000033  c_w.l(libinit2.o)
    0x080002c0   0x00000002   Code   RO         7408    .ARM.Collect$$libshutdown$$00000000  c_w.l(libshutdown.o)
    0x080002c2   0x00000000   Code   RO         7335    .ARM.Collect$$libshutdown$$00000002  c_w.l(libshutdown2.o)
    0x080002c2   0x00000000   Code   RO         7337    .ARM.Collect$$libshutdown$$00000004  c_w.l(libshutdown2.o)
    0x080002c2   0x00000000   Code   RO         7340    .ARM.Collect$$libshutdown$$00000007  c_w.l(libshutdown2.o)
    0x080002c2   0x00000000   Code   RO         7343    .ARM.Collect$$libshutdown$$0000000A  c_w.l(libshutdown2.o)
    0x080002c2   0x00000000   Code   RO         7345    .ARM.Collect$$libshutdown$$0000000C  c_w.l(libshutdown2.o)
    0x080002c2   0x00000000   Code   RO         7348    .ARM.Collect$$libshutdown$$0000000F  c_w.l(libshutdown2.o)
    0x080002c2   0x00000002   Code   RO         7349    .ARM.Collect$$libshutdown$$00000010  c_w.l(libshutdown2.o)
    0x080002c4   0x00000000   Code   RO         7054    .ARM.Collect$$rtentry$$00000000  c_w.l(__rtentry.o)
    0x080002c4   0x00000000   Code   RO         7204    .ARM.Collect$$rtentry$$00000002  c_w.l(__rtentry2.o)
    0x080002c4   0x00000006   Code   RO         7216    .ARM.Collect$$rtentry$$00000004  c_w.l(__rtentry4.o)
    0x080002ca   0x00000000   Code   RO         7206    .ARM.Collect$$rtentry$$00000009  c_w.l(__rtentry2.o)
    0x080002ca   0x00000004   Code   RO         7207    .ARM.Collect$$rtentry$$0000000A  c_w.l(__rtentry2.o)
    0x080002ce   0x00000000   Code   RO         7209    .ARM.Collect$$rtentry$$0000000C  c_w.l(__rtentry2.o)
    0x080002ce   0x00000008   Code   RO         7210    .ARM.Collect$$rtentry$$0000000D  c_w.l(__rtentry2.o)
    0x080002d6   0x00000002   Code   RO         7297    .ARM.Collect$$rtexit$$00000000  c_w.l(rtexit.o)
    0x080002d8   0x00000000   Code   RO         7372    .ARM.Collect$$rtexit$$00000002  c_w.l(rtexit2.o)
    0x080002d8   0x00000004   Code   RO         7373    .ARM.Collect$$rtexit$$00000003  c_w.l(rtexit2.o)
    0x080002dc   0x00000006   Code   RO         7374    .ARM.Collect$$rtexit$$00000004  c_w.l(rtexit2.o)
    0x080002e2   0x00000002   PAD
    0x080002e4   0x000000ba   Code   RO         5379    .emb_text           port.o
    0x0800039e   0x00000002   PAD
    0x080003a0   0x00000040   Code   RO         1198    .text               startup_stm32f767xx.o
    0x080003e0   0x00000002   Code   RO         6794    .text               c_w.l(use_no_semi_2.o)
    0x080003e2   0x000000ee   Code   RO         6858    .text               c_w.l(lludivv7m.o)
    0x080004d0   0x00000018   Code   RO         6864    .text               c_w.l(noretval__2printf.o)
    0x080004e8   0x00000052   Code   RO         6870    .text               c_w.l(_printf_str.o)
    0x0800053a   0x00000002   PAD
    0x0800053c   0x00000078   Code   RO         6872    .text               c_w.l(_printf_dec.o)
    0x080005b4   0x000000b8   Code   RO         6900    .text               c_w.l(__printf_ss.o)
    0x0800066c   0x0000001a   Code   RO         6924    .text               c_w.l(atoi.o)
    0x08000686   0x00000008   Code   RO         6926    .text               c_w.l(abs.o)
    0x0800068e   0x0000008a   Code   RO         6934    .text               c_w.l(rt_memcpy_v6.o)
    0x08000718   0x00000064   Code   RO         6936    .text               c_w.l(rt_memcpy_w.o)
    0x0800077c   0x00000010   Code   RO         6938    .text               c_w.l(aeabi_memset.o)
    0x0800078c   0x00000044   Code   RO         6940    .text               c_w.l(rt_memclr.o)
    0x080007d0   0x0000004e   Code   RO         6942    .text               c_w.l(rt_memclr_w.o)
    0x0800081e   0x00000002   PAD
    0x08000820   0x00000068   Code   RO         6944    .text               c_w.l(strcmpv7m_pel.o)
    0x08000888   0x00000006   Code   RO         6946    .text               c_w.l(heapauxi.o)
    0x0800088e   0x00000002   Code   RO         7050    .text               c_w.l(use_no_semi.o)
    0x08000890   0x00000008   Code   RO         7067    .text               c_w.l(rt_errno_addr_intlibspace.o)
    0x08000898   0x00000016   Code   RO         7091    .text               c_w.l(_rserrno.o)
    0x080008ae   0x000000b2   Code   RO         7093    .text               c_w.l(_printf_intcommon.o)
    0x08000960   0x00000030   Code   RO         7095    .text               c_w.l(_printf_char_common.o)
    0x08000990   0x0000002c   Code   RO         7099    .text               c_w.l(_printf_char.o)
    0x080009bc   0x00000024   Code   RO         7101    .text               c_w.l(_printf_char_file.o)
    0x080009e0   0x000000a4   Code   RO         7105    .text               c_w.l(strtod.o)
    0x08000a84   0x00000070   Code   RO         7107    .text               c_w.l(strtol.o)
    0x08000af4   0x00000008   Code   RO         7200    .text               c_w.l(libspace.o)
    0x08000afc   0x00000010   Code   RO         7218    .text               c_w.l(rt_ctype_table.o)
    0x08000b0c   0x00000012   Code   RO         7230    .text               c_w.l(isspace.o)
    0x08000b1e   0x00000040   Code   RO         7234    .text               c_w.l(_sgetc.o)
    0x08000b5e   0x0000009e   Code   RO         7236    .text               c_w.l(_strtoul.o)
    0x08000bfc   0x00000008   Code   RO         7238    .text               c_w.l(ferror.o)
    0x08000c04   0x0000004a   Code   RO         7259    .text               c_w.l(sys_stackheap_outer.o)
    0x08000c4e   0x00000002   PAD
    0x08000c50   0x00000008   Code   RO         7266    .text               c_w.l(rt_locale_intlibspace.o)
    0x08000c58   0x0000001c   Code   RO         7270    .text               c_w.l(_chval.o)
    0x08000c74   0x000004a4   Code   RO         7272    .text               c_w.l(scanf_fp.o)
    0x08001118   0x00000012   Code   RO         7277    .text               c_w.l(exit.o)
    0x0800112a   0x00000002   PAD
    0x0800112c   0x000000dc   Code   RO         7303    .text               c_w.l(bigflt0.o)
    0x08001208   0x00000320   Code   RO         7378    .text               c_w.l(scanf_hexfp.o)
    0x08001528   0x00000134   Code   RO         7380    .text               c_w.l(scanf_infnan.o)
    0x0800165c   0x00000026   Code   RO         7390    .text               c_w.l(llshl.o)
    0x08001682   0x00000338   Code   RO         7316    CL$$btod_div_common  c_w.l(btod.o)
    0x080019ba   0x00000002   PAD
    0x080019bc   0x00000054   Code   RO         7314    CL$$btod_e2d        c_w.l(btod.o)
    0x08001a10   0x000000c6   Code   RO         7313    CL$$btod_e2e        c_w.l(btod.o)
    0x08001ad6   0x00000028   Code   RO         7310    CL$$btod_ediv       c_w.l(btod.o)
    0x08001afe   0x00000028   Code   RO         7312    CL$$btod_edivd      c_w.l(btod.o)
    0x08001b26   0x00000028   Code   RO         7309    CL$$btod_emul       c_w.l(btod.o)
    0x08001b4e   0x00000028   Code   RO         7311    CL$$btod_emuld      c_w.l(btod.o)
    0x08001b76   0x00000244   Code   RO         7315    CL$$btod_mult_common  c_w.l(btod.o)
    0x08001dba   0x00000002   Code   RO          399    i.BusFault_Handler  stm32f7xx_it.o
    0x08001dbc   0x00000088   Code   RO         1049    i.Cache_Enable      sys.o
    0x08001e44   0x0000005c   Code   RO         4256    i.Change_SensorData  mpu9250.o
    0x08001ea0   0x0000000c   Code   RO         4450    i.DMA2_Stream3_IRQHandler  sdmmc_sdcard.o
    0x08001eac   0x0000000c   Code   RO         4451    i.DMA2_Stream6_IRQHandler  sdmmc_sdcard.o
    0x08001eb8   0x00000030   Code   RO          773    i.DataJudge         getgps.o
    0x08001ee8   0x00000002   Code   RO          400    i.DebugMon_Handler  stm32f7xx_it.o
    0x08001eea   0x00000008   Code   RO         4334    i.EXTI15_10_IRQHandler  exti.o
    0x08001ef2   0x00000002   PAD
    0x08001ef4   0x00000050   Code   RO         4335    i.EXTI_Init         exti.o
    0x08001f44   0x0000001c   Code   RO          774    i.Flag_Clear        getgps.o
    0x08001f60   0x00000034   Code   RO          775    i.GPS_Rate_Config   getgps.o
    0x08001f94   0x00000082   Code   RO          776    i.GetField          getgps.o
    0x08002016   0x00000002   PAD
    0x08002018   0x000004bc   Code   RO          847    i.GetGPRMC          sendgps.o
    0x080024d4   0x00000004   PAD
    0x080024d8   0x000004bc   Code   RO          848    i.GetLGPGGA         sendgps.o
    0x08002994   0x00000010   Code   RO         1050    i.Get_DCahceSta     sys.o
    0x080029a4   0x000000bc   Code   RO         4257    i.Get_IMU           mpu9250.o
    0x08002a60   0x00000268   Code   RO          777    i.GpsConfig         getgps.o
    0x08002cc8   0x00000048   Code   RO          734    i.GpsTask_init      gpstask.o
    0x08002d10   0x000000a8   Code   RO          735    i.GpsTask_main      gpstask.o
    0x08002db8   0x00000028   Code   RO          736    i.GpsTask_send_massage  gpstask.o
    0x08002de0   0x000000a6   Code   RO         2401    i.HAL_DMA_Abort     stm32f7xx_hal_dma.o
    0x08002e86   0x00000024   Code   RO         2402    i.HAL_DMA_Abort_IT  stm32f7xx_hal_dma.o
    0x08002eaa   0x00000002   PAD
    0x08002eac   0x00000084   Code   RO         2403    i.HAL_DMA_DeInit    stm32f7xx_hal_dma.o
    0x08002f30   0x000001e0   Code   RO         2406    i.HAL_DMA_IRQHandler  stm32f7xx_hal_dma.o
    0x08003110   0x0000015c   Code   RO         2407    i.HAL_DMA_Init      stm32f7xx_hal_dma.o
    0x0800326c   0x000000aa   Code   RO         2411    i.HAL_DMA_Start_IT  stm32f7xx_hal_dma.o
    0x08003316   0x00000016   Code   RO         1212    i.HAL_Delay         stm32f7xx_hal.o
    0x0800332c   0x0000001c   Code   RO         4336    i.HAL_GPIO_EXTI_Callback  exti.o
    0x08003348   0x00000018   Code   RO         1496    i.HAL_GPIO_EXTI_IRQHandler  stm32f7xx_hal_gpio.o
    0x08003360   0x00000230   Code   RO         1497    i.HAL_GPIO_Init     stm32f7xx_hal_gpio.o
    0x08003590   0x0000000a   Code   RO         1499    i.HAL_GPIO_ReadPin  stm32f7xx_hal_gpio.o
    0x0800359a   0x0000000a   Code   RO         1501    i.HAL_GPIO_WritePin  stm32f7xx_hal_gpio.o
    0x080035a4   0x0000000c   Code   RO         1222    i.HAL_GetTick       stm32f7xx_hal.o
    0x080035b0   0x00000010   Code   RO         1223    i.HAL_IncTick       stm32f7xx_hal.o
    0x080035c0   0x00000024   Code   RO         1224    i.HAL_Init          stm32f7xx_hal.o
    0x080035e4   0x00000028   Code   RO         1225    i.HAL_InitTick      stm32f7xx_hal.o
    0x0800360c   0x00000002   Code   RO         1227    i.HAL_MspInit       stm32f7xx_hal.o
    0x0800360e   0x00000018   Code   RO         1379    i.HAL_NVIC_EnableIRQ  stm32f7xx_hal_cortex.o
    0x08003626   0x00000002   PAD
    0x08003628   0x00000064   Code   RO         1385    i.HAL_NVIC_SetPriority  stm32f7xx_hal_cortex.o
    0x0800368c   0x00000024   Code   RO         1386    i.HAL_NVIC_SetPriorityGrouping  stm32f7xx_hal_cortex.o
    0x080036b0   0x0000007c   Code   RO         1690    i.HAL_PWREx_EnableOverDrive  stm32f7xx_hal_pwr_ex.o
    0x0800372c   0x00000010   Code   RO         1567    i.HAL_PWR_EnableBkUpAccess  stm32f7xx_hal_pwr.o
    0x0800373c   0x00000758   Code   RO         1879    i.HAL_RCCEx_PeriphCLKConfig  stm32f7xx_hal_rcc_ex.o
    0x08003e94   0x00000184   Code   RO         1777    i.HAL_RCC_ClockConfig  stm32f7xx_hal_rcc.o
    0x08004018   0x00000030   Code   RO         1784    i.HAL_RCC_GetPCLK1Freq  stm32f7xx_hal_rcc.o
    0x08004048   0x00000030   Code   RO         1785    i.HAL_RCC_GetPCLK2Freq  stm32f7xx_hal_rcc.o
    0x08004078   0x00000098   Code   RO         1786    i.HAL_RCC_GetSysClockFreq  stm32f7xx_hal_rcc.o
    0x08004110   0x000003c4   Code   RO         1880    i.HAL_RCC_OscConfig  stm32f7xx_hal_rcc_ex.o
    0x080044d4   0x00000066   Code   RO         3406    i.HAL_RTC_GetDate   stm32f7xx_hal_rtc.o
    0x0800453a   0x00000002   PAD
    0x0800453c   0x00000074   Code   RO         3408    i.HAL_RTC_GetTime   stm32f7xx_hal_rtc.o
    0x080045b0   0x0000009e   Code   RO         3409    i.HAL_RTC_Init      stm32f7xx_hal_rtc.o
    0x0800464e   0x00000002   PAD
    0x08004650   0x00000054   Code   RO         4403    i.HAL_RTC_MspInit   rtc.o
    0x080046a4   0x000000cc   Code   RO         3415    i.HAL_RTC_SetDate   stm32f7xx_hal_rtc.o
    0x08004770   0x000000f0   Code   RO         3416    i.HAL_RTC_SetTime   stm32f7xx_hal_rtc.o
    0x08004860   0x0000003c   Code   RO         3417    i.HAL_RTC_WaitForSynchro  stm32f7xx_hal_rtc.o
    0x0800489c   0x0000006a   Code   RO         3776    i.HAL_SD_CheckReadOperation  stm32f7xx_hal_sd.o
    0x08004906   0x000000c4   Code   RO         3777    i.HAL_SD_CheckWriteOperation  stm32f7xx_hal_sd.o
    0x080049ca   0x00000002   Code   RO         3778    i.HAL_SD_DMA_RxCpltCallback  stm32f7xx_hal_sd.o
    0x080049cc   0x00000002   Code   RO         3779    i.HAL_SD_DMA_RxErrorCallback  stm32f7xx_hal_sd.o
    0x080049ce   0x00000002   Code   RO         3780    i.HAL_SD_DMA_TxCpltCallback  stm32f7xx_hal_sd.o
    0x080049d0   0x00000002   Code   RO         3781    i.HAL_SD_DMA_TxErrorCallback  stm32f7xx_hal_sd.o
    0x080049d2   0x000002c2   Code   RO         3786    i.HAL_SD_Get_CardInfo  stm32f7xx_hal_sd.o
    0x08004c94   0x00000090   Code   RO         3788    i.HAL_SD_IRQHandler  stm32f7xx_hal_sd.o
    0x08004d24   0x00000412   Code   RO         3789    i.HAL_SD_Init       stm32f7xx_hal_sd.o
    0x08005136   0x00000002   PAD
    0x08005138   0x0000014c   Code   RO         4452    i.HAL_SD_MspInit    sdmmc_sdcard.o
    0x08005284   0x00000100   Code   RO         3793    i.HAL_SD_ReadBlocks_DMA  stm32f7xx_hal_sd.o
    0x08005384   0x0000002c   Code   RO         3795    i.HAL_SD_StopTransfer  stm32f7xx_hal_sd.o
    0x080053b0   0x0000013a   Code   RO         3796    i.HAL_SD_WideBusOperation_Config  stm32f7xx_hal_sd.o
    0x080054ea   0x00000002   PAD
    0x080054ec   0x00000104   Code   RO         3798    i.HAL_SD_WriteBlocks_DMA  stm32f7xx_hal_sd.o
    0x080055f0   0x00000002   Code   RO         3799    i.HAL_SD_XferCpltCallback  stm32f7xx_hal_sd.o
    0x080055f2   0x00000002   Code   RO         3800    i.HAL_SD_XferErrorCallback  stm32f7xx_hal_sd.o
    0x080055f4   0x00000016   Code   RO         1388    i.HAL_SYSTICK_CLKSourceConfig  stm32f7xx_hal_cortex.o
    0x0800560a   0x00000002   PAD
    0x0800560c   0x0000002c   Code   RO         1390    i.HAL_SYSTICK_Config  stm32f7xx_hal_cortex.o
    0x08005638   0x00000002   Code   RO         3132    i.HAL_TIMEx_BreakCallback  stm32f7xx_hal_tim_ex.o
    0x0800563a   0x00000002   Code   RO         3133    i.HAL_TIMEx_CommutationCallback  stm32f7xx_hal_tim_ex.o
    0x0800563c   0x00000032   Code   RO         2530    i.HAL_TIM_Base_Init  stm32f7xx_hal_tim.o
    0x0800566e   0x00000002   PAD
    0x08005670   0x00000064   Code   RO         4098    i.HAL_TIM_Base_MspInit  timer.o
    0x080056d4   0x00000018   Code   RO         2535    i.HAL_TIM_Base_Start_IT  stm32f7xx_hal_tim.o
    0x080056ec   0x00000002   Code   RO         2559    i.HAL_TIM_IC_CaptureCallback  stm32f7xx_hal_tim.o
    0x080056ee   0x00000186   Code   RO         2572    i.HAL_TIM_IRQHandler  stm32f7xx_hal_tim.o
    0x08005874   0x00000002   Code   RO         2575    i.HAL_TIM_OC_DelayElapsedCallback  stm32f7xx_hal_tim.o
    0x08005876   0x00000002   Code   RO         2602    i.HAL_TIM_PWM_PulseFinishedCallback  stm32f7xx_hal_tim.o
    0x08005878   0x00000040   Code   RO         4099    i.HAL_TIM_PeriodElapsedCallback  timer.o
    0x080058b8   0x00000002   Code   RO         2613    i.HAL_TIM_TriggerCallback  stm32f7xx_hal_tim.o
    0x080058ba   0x00000078   Code   RO         1932    i.HAL_UART_DMAStop  stm32f7xx_hal_uart.o
    0x08005932   0x00000002   Code   RO         1934    i.HAL_UART_ErrorCallback  stm32f7xx_hal_uart.o
    0x08005934   0x000001c4   Code   RO         1937    i.HAL_UART_IRQHandler  stm32f7xx_hal_uart.o
    0x08005af8   0x0000006e   Code   RO         1938    i.HAL_UART_Init     stm32f7xx_hal_uart.o
    0x08005b66   0x00000002   PAD
    0x08005b68   0x000000f4   Code   RO         1098    i.HAL_UART_MspInit  usart.o
    0x08005c5c   0x000000a0   Code   RO         1943    i.HAL_UART_Receive_IT  stm32f7xx_hal_uart.o
    0x08005cfc   0x00000054   Code   RO         1099    i.HAL_UART_RxCpltCallback  usart.o
    0x08005d50   0x000000ba   Code   RO         1946    i.HAL_UART_Transmit  stm32f7xx_hal_uart.o
    0x08005e0a   0x00000002   PAD
    0x08005e0c   0x00000090   Code   RO         1947    i.HAL_UART_Transmit_DMA  stm32f7xx_hal_uart.o
    0x08005e9c   0x00000002   Code   RO         1949    i.HAL_UART_TxCpltCallback  stm32f7xx_hal_uart.o
    0x08005e9e   0x00000002   Code   RO         1950    i.HAL_UART_TxHalfCpltCallback  stm32f7xx_hal_uart.o
    0x08005ea0   0x00000024   Code   RO          401    i.HardFault_Handler  stm32f7xx_it.o
    0x08005ec4   0x00000060   Code   RO         4162    i.I2C_RadeByte      myiic.o
    0x08005f24   0x00000050   Code   RO         4163    i.IIC_Ack           myiic.o
    0x08005f74   0x00000050   Code   RO         4164    i.IIC_Init          myiic.o
    0x08005fc4   0x00000050   Code   RO         4165    i.IIC_NAck          myiic.o
    0x08006014   0x00000078   Code   RO         4167    i.IIC_Send_Byte     myiic.o
    0x0800608c   0x00000050   Code   RO         4168    i.IIC_Start         myiic.o
    0x080060dc   0x00000050   Code   RO         4169    i.IIC_Stop          myiic.o
    0x0800612c   0x00000260   Code   RO         4258    i.IMUData_Deal      mpu9250.o
    0x0800638c   0x0000004c   Code   RO         4074    i.LED_Init          led.o
    0x080063d8   0x00000046   Code   RO         4259    i.MPU9250_Init      mpu9250.o
    0x0800641e   0x00000040   Code   RO         4171    i.MPU_Read          myiic.o
    0x0800645e   0x0000003e   Code   RO         4172    i.MPU_Write         myiic.o
    0x0800649c   0x000000b0   Code   RO         4373    i.MYDMA_Config      dma.o
    0x0800654c   0x00000002   Code   RO          402    i.MemManage_Handler  stm32f7xx_it.o
    0x0800654e   0x00000002   PAD
    0x08006550   0x000000b4   Code   RO         1100    i.Message_Ack_handle  usart.o
    0x08006604   0x00000002   Code   RO          403    i.NMI_Handler       stm32f7xx_it.o
    0x08006606   0x00000002   PAD
    0x08006608   0x00000044   Code   RO          851    i.ProcessCheckResult  sendgps.o
    0x0800664c   0x00000038   Code   RO          852    i.ProcessCheckToA   sendgps.o
    0x08006684   0x00000030   Code   RO         4262    i.ProcessCheckToAIMU  mpu9250.o
    0x080066b4   0x00000038   Code   RO         4263    i.ProcessCount      mpu9250.o
    0x080066ec   0x00000098   Code   RO         4264    i.ProcessCountms    mpu9250.o
    0x08006784   0x00000004   PAD
    0x08006788   0x00000328   Code   RO          778    i.ProcessGPGGA      getgps.o
    0x08006ab0   0x00000340   Code   RO          779    i.ProcessGPRMC      getgps.o
    0x08006df0   0x0000009c   Code   RO          853    i.ProcessIITOA      sendgps.o
    0x08006e8c   0x0000003c   Code   RO          854    i.ProcessITOA       sendgps.o
    0x08006ec8   0x00000228   Code   RO          857    i.ProcessLatToA     sendgps.o
    0x080070f0   0x00000248   Code   RO          858    i.ProcessLongToA    sendgps.o
    0x08007338   0x000005da   Code   RO          860    i.ProcessSFTOA      sendgps.o
    0x08007912   0x00000018   Code   RO         3419    i.RTC_ByteToBcd2    stm32f7xx_hal_rtc.o
    0x0800792a   0x00000042   Code   RO         3420    i.RTC_EnterInitMode  stm32f7xx_hal_rtc.o
    0x0800796c   0x00000084   Code   RO         4404    i.RTC_Init          rtc.o
    0x080079f0   0x000001b0   Code   RO         1101    i.Receive_NMEA      usart.o
    0x08007ba0   0x00000048   Code   RO         4453    i.SCB_CleanInvalidateDCache  sdmmc_sdcard.o
    0x08007be8   0x0000000c   Code   RO         4454    i.SDMMC1_IRQHandler  sdmmc_sdcard.o
    0x08007bf4   0x00000024   Code   RO         3978    i.SDMMC_DataConfig  stm32f7xx_ll_sdmmc.o
    0x08007c18   0x00000006   Code   RO         3979    i.SDMMC_GetCommandResponse  stm32f7xx_ll_sdmmc.o
    0x08007c1e   0x00000008   Code   RO         3982    i.SDMMC_GetPowerState  stm32f7xx_ll_sdmmc.o
    0x08007c26   0x0000000e   Code   RO         3983    i.SDMMC_GetResponse  stm32f7xx_ll_sdmmc.o
    0x08007c34   0x0000002c   Code   RO         3984    i.SDMMC_Init        stm32f7xx_ll_sdmmc.o
    0x08007c60   0x00000008   Code   RO         3986    i.SDMMC_PowerState_ON  stm32f7xx_ll_sdmmc.o
    0x08007c68   0x00000006   Code   RO         3987    i.SDMMC_ReadFIFO    stm32f7xx_ll_sdmmc.o
    0x08007c6e   0x00000020   Code   RO         3988    i.SDMMC_SendCommand  stm32f7xx_ll_sdmmc.o
    0x08007c8e   0x00000002   PAD
    0x08007c90   0x00000118   Code   RO         3801    i.SD_CmdResp1Error  stm32f7xx_hal_sd.o
    0x08007da8   0x0000001a   Code   RO         3802    i.SD_DMA_RxCplt     stm32f7xx_hal_sd.o
    0x08007dc2   0x0000000c   Code   RO         3803    i.SD_DMA_RxError    stm32f7xx_hal_sd.o
    0x08007dce   0x0000001a   Code   RO         3804    i.SD_DMA_TxCplt     stm32f7xx_hal_sd.o
    0x08007de8   0x0000000c   Code   RO         3805    i.SD_DMA_TxError    stm32f7xx_hal_sd.o
    0x08007df4   0x0000012c   Code   RO         3806    i.SD_FindSCR        stm32f7xx_hal_sd.o
    0x08007f20   0x00000040   Code   RO         4456    i.SD_Init           sdmmc_sdcard.o
    0x08007f60   0x00000058   Code   RO         4457    i.SD_ReadBlocks_DMA  sdmmc_sdcard.o
    0x08007fb8   0x000000c0   Code   RO         4458    i.SD_ReadDisk       sdmmc_sdcard.o
    0x08008078   0x00000058   Code   RO         4459    i.SD_WriteBlocks_DMA  sdmmc_sdcard.o
    0x080080d0   0x000000c8   Code   RO         4460    i.SD_WriteDisk      sdmmc_sdcard.o
    0x08008198   0x00000260   Code   RO          780    i.SendConfigMessage  getgps.o
    0x080083f8   0x0000009c   Code   RO            5    i.Set_System        main.o
    0x08008494   0x000000a0   Code   RO         1052    i.Stm32_Clock_Init  sys.o
    0x08008534   0x00000016   Code   RO          998    i.SysTick_Handler   delay.o
    0x0800854a   0x00000002   PAD
    0x0800854c   0x00000058   Code   RO          460    i.SystemInit        system_stm32f7xx.o
    0x080085a4   0x0000000c   Code   RO         4100    i.TIM2_IRQHandler   timer.o
    0x080085b0   0x0000000c   Code   RO         4102    i.TIM3_IRQHandler   timer.o
    0x080085bc   0x0000002c   Code   RO         4103    i.TIM3_Init         timer.o
    0x080085e8   0x000000c4   Code   RO         2614    i.TIM_Base_SetConfig  stm32f7xx_hal_tim.o
    0x080086ac   0x000000da   Code   RO         1951    i.UART_AdvFeatureConfig  stm32f7xx_hal_uart.o
    0x08008786   0x00000060   Code   RO         1952    i.UART_CheckIdleState  stm32f7xx_hal_uart.o
    0x080087e6   0x00000014   Code   RO         1953    i.UART_DMAAbortOnError  stm32f7xx_hal_uart.o
    0x080087fa   0x00000064   Code   RO         1954    i.UART_DMAError     stm32f7xx_hal_uart.o
    0x0800885e   0x00000032   Code   RO         1957    i.UART_DMATransmitCplt  stm32f7xx_hal_uart.o
    0x08008890   0x0000000a   Code   RO         1958    i.UART_DMATxHalfCplt  stm32f7xx_hal_uart.o
    0x0800889a   0x0000007c   Code   RO         1959    i.UART_Receive_IT   stm32f7xx_hal_uart.o
    0x08008916   0x00000002   PAD
    0x08008918   0x000002a8   Code   RO         1960    i.UART_SetConfig    stm32f7xx_hal_uart.o
    0x08008bc0   0x00000074   Code   RO         1961    i.UART_WaitOnFlagUntilTimeout  stm32f7xx_hal_uart.o
    0x08008c34   0x00000020   Code   RO         1102    i.USART1_IRQHandler  usart.o
    0x08008c54   0x00000020   Code   RO         1103    i.USART2_IRQHandler  usart.o
    0x08008c74   0x00000002   Code   RO          404    i.UsageFault_Handler  stm32f7xx_it.o
    0x08008c76   0x00000002   PAD
    0x08008c78   0x00000038   Code   RO         6994    i.__hardfp_atof     m_wv.l(atof.o)
    0x08008cb0   0x00000018   Code   RO         7166    i.__mathlib_dbl_overflow  m_wv.l(dunder.o)
    0x08008cc8   0x00000018   Code   RO         7168    i.__mathlib_dbl_underflow  m_wv.l(dunder.o)
    0x08008ce0   0x000000a4   Code   RO         7362    i.__mathlib_narrow  m_wv.l(narrow.o)
    0x08008d84   0x00000004   PAD
    0x08008d88   0x000000b8   Code   RO         7411    i.__support_ldexp   m_wv.l(ldexp.o)
    0x08008e40   0x0000000e   Code   RO         6907    i._is_digit         c_w.l(__printf_wp.o)
    0x08008e4e   0x00000002   Code   RO         1104    i._sys_exit         usart.o
    0x08008e50   0x0000007a   Code   RO         6012    i.change_bitmap     ff.o
    0x08008eca   0x00000002   PAD
    0x08008ecc   0x000000b4   Code   RO         6013    i.check_fs          ff.o
    0x08008f80   0x00000036   Code   RO         6014    i.clmt_clust        ff.o
    0x08008fb6   0x00000016   Code   RO         6015    i.clust2sect        ff.o
    0x08008fcc   0x000001b6   Code   RO         6016    i.create_chain      ff.o
    0x08009182   0x00000002   PAD
    0x08009184   0x00000038   Code   RO          999    i.delay_init        delay.o
    0x080091bc   0x0000005c   Code   RO         1000    i.delay_ms          delay.o
    0x08009218   0x00000034   Code   RO         1001    i.delay_us          delay.o
    0x0800924c   0x00000066   Code   RO         6017    i.dir_alloc         ff.o
    0x080092b2   0x00000002   PAD
    0x080092b4   0x00000264   Code   RO         6018    i.dir_find          ff.o
    0x08009518   0x0000013a   Code   RO         6019    i.dir_next          ff.o
    0x08009652   0x00000002   PAD
    0x08009654   0x00000174   Code   RO         6020    i.dir_read          ff.o
    0x080097c8   0x0000042c   Code   RO         6021    i.dir_register      ff.o
    0x08009bf4   0x000000a8   Code   RO         6023    i.dir_sdi           ff.o
    0x08009c9c   0x00000012   Code   RO         5946    i.disk_initialize   diskio.o
    0x08009cae   0x00000002   PAD
    0x08009cb0   0x00000044   Code   RO         5947    i.disk_ioctl        diskio.o
    0x08009cf4   0x00000038   Code   RO         5948    i.disk_read         diskio.o
    0x08009d2c   0x00000004   Code   RO         5949    i.disk_status       diskio.o
    0x08009d30   0x00000038   Code   RO         5950    i.disk_write        diskio.o
    0x08009d68   0x00000088   Code   RO         4948    i.eTaskGetState     tasks.o
    0x08009df0   0x00000068   Code   RO         6375    i.exfuns_init       exfuns.o
    0x08009e58   0x00000020   Code   RO         6024    i.f_close           ff.o
    0x08009e78   0x0000030c   Code   RO         6031    i.f_lseek           ff.o
    0x0800a184   0x000001f2   Code   RO         6032    i.f_mkdir           ff.o
    0x0800a376   0x00000002   PAD
    0x0800a378   0x00000054   Code   RO         6034    i.f_mount           ff.o
    0x0800a3cc   0x000002ca   Code   RO         6035    i.f_open            ff.o
    0x0800a696   0x000000ee   Code   RO         6036    i.f_opendir         ff.o
    0x0800a784   0x000003cc   Code   RO         6037    i.f_printf          ff.o
    0x0800ab50   0x00000078   Code   RO         6039    i.f_puts            ff.o
    0x0800abc8   0x000001ba   Code   RO         6045    i.f_sync            ff.o
    0x0800ad82   0x0000024c   Code   RO         6048    i.f_write           ff.o
    0x0800afce   0x00000002   PAD
    0x0800afd0   0x00000058   Code   RO         6337    i.ff_convert        cc936.o
    0x0800b028   0x00000008   Code   RO         5951    i.ff_memalloc       diskio.o
    0x0800b030   0x00000008   Code   RO         5952    i.ff_memfree        diskio.o
    0x0800b038   0x000000a0   Code   RO         6338    i.ff_wtoupper       cc936.o
    0x0800b0d8   0x00000564   Code   RO         6049    i.find_volume       ff.o
    0x0800b63c   0x00000348   Code   RO         6050    i.follow_path       ff.o
    0x0800b984   0x00000014   Code   RO         1105    i.fputc             usart.o
    0x0800b998   0x0000008c   Code   RO         7386    i.frexp             m_wv.l(frexp.o)
    0x0800ba24   0x00000162   Code   RO         6051    i.get_fat           ff.o
    0x0800bb86   0x00000004   Code   RO         5953    i.get_fattime       diskio.o
    0x0800bb8a   0x00000068   Code   RO         6053    i.get_ldnumber      ff.o
    0x0800bbf2   0x00000020   Code   RO         6054    i.ld_clust          ff.o
    0x0800bc12   0x00000054   Code   RO         6055    i.ld_qword          ff.o
    0x0800bc66   0x0000010e   Code   RO         6056    i.load_xdir         ff.o
    0x0800bd74   0x00000064   Code   RO            6    i.main              main.o
    0x0800bdd8   0x00000036   Code   RO         6057    i.move_window       ff.o
    0x0800be0e   0x00000002   PAD
    0x0800be10   0x0000003c   Code   RO         6714    i.my_mem_init       malloc.o
    0x0800be4c   0x00000094   Code   RO         6715    i.my_mem_malloc     malloc.o
    0x0800bee0   0x00000044   Code   RO         6716    i.my_mem_perused    malloc.o
    0x0800bf24   0x00000070   Code   RO         6717    i.myfree            malloc.o
    0x0800bf94   0x00000024   Code   RO         6718    i.mymalloc          malloc.o
    0x0800bfb8   0x00000074   Code   RO         4950    i.prvAddCurrentTaskToDelayedList  tasks.o
    0x0800c02c   0x0000006e   Code   RO         4733    i.prvCopyDataToQueue  queue.o
    0x0800c09a   0x00000002   PAD
    0x0800c09c   0x0000007c   Code   RO         4951    i.prvIdleTask       tasks.o
    0x0800c118   0x00000064   Code   RO         5468    i.prvInsertBlockIntoFreeList  heap_4.o
    0x0800c17c   0x00000040   Code   RO         5272    i.prvInsertTimerInActiveList  timers.o
    0x0800c1bc   0x00000094   Code   RO         4734    i.prvNotifyQueueSetContainer  queue.o
    0x0800c250   0x0000009c   Code   RO         5273    i.prvSampleTimeNow  timers.o
    0x0800c2ec   0x00000070   Code   RO         5380    i.prvTaskExitError  port.o
    0x0800c35c   0x00000254   Code   RO         5274    i.prvTimerTask      timers.o
    0x0800c5b0   0x0000007a   Code   RO         4735    i.prvUnlockQueue    queue.o
    0x0800c62a   0x0000011a   Code   RO         6059    i.put_fat           ff.o
    0x0800c744   0x00000160   Code   RO         5469    i.pvPortMalloc      heap_4.o
    0x0800c8a4   0x00000018   Code   RO         4953    i.pvTaskIncrementMutexHeldCount  tasks.o
    0x0800c8bc   0x0000002c   Code   RO         5381    i.pxPortInitialiseStack  port.o
    0x0800c8e8   0x00000034   Code   RO         6676    i.rec_sai_fifo_read  ringbuffer.o
    0x0800c91c   0x00000064   Code   RO         6677    i.rec_sai_fifo_write  ringbuffer.o
    0x0800c980   0x00000168   Code   RO         6061    i.remove_chain      ff.o
    0x0800cae8   0x000000d4   Code   RO         6378    i.sd_creatfile      exfuns.o
    0x0800cbbc   0x00000060   Code   RO         6379    i.sd_savefifo       exfuns.o
    0x0800cc1c   0x00000018   Code   RO         6062    i.st_clust          ff.o
    0x0800cc34   0x00000012   Code   RO         6063    i.st_dword          ff.o
    0x0800cc46   0x0000004a   Code   RO         6064    i.st_qword          ff.o
    0x0800cc90   0x00000028   Code   RO            7    i.start_task        main.o
    0x0800ccb8   0x0000009c   Code   RO         6065    i.store_xdir        ff.o
    0x0800cd54   0x00000090   Code   RO         6066    i.sync_fs           ff.o
    0x0800cde4   0x00000054   Code   RO         6067    i.sync_window       ff.o
    0x0800ce38   0x0000004c   Code   RO          618    i.task1_init        task1.o
    0x0800ce84   0x00000064   Code   RO          619    i.task1_main        task1.o
    0x0800cee8   0x00000028   Code   RO          620    i.task1_send_massage  task1.o
    0x0800cf10   0x00000048   Code   RO          679    i.task2_init        task2.o
    0x0800cf58   0x00000120   Code   RO          680    i.task2_main        task2.o
    0x0800d078   0x00000024   Code   RO          681    i.task2_send_massage  task2.o
    0x0800d09c   0x00000068   Code   RO         1106    i.uart_init         usart.o
    0x0800d104   0x00000024   Code   RO         4684    i.uxListRemove      list.o
    0x0800d128   0x00000016   Code   RO         4685    i.vListInitialise   list.o
    0x0800d13e   0x00000006   Code   RO         4686    i.vListInitialiseItem  list.o
    0x0800d144   0x0000003a   Code   RO         4687    i.vListInsert       list.o
    0x0800d17e   0x00000018   Code   RO         4688    i.vListInsertEnd    list.o
    0x0800d196   0x00000002   PAD
    0x0800d198   0x00000080   Code   RO         5383    i.vPortEnterCritical  port.o
    0x0800d218   0x0000006c   Code   RO         5384    i.vPortExitCritical  port.o
    0x0800d284   0x000000a0   Code   RO         5470    i.vPortFree         heap_4.o
    0x0800d324   0x00000090   Code   RO         5386    i.vPortValidateInterruptPriority  port.o
    0x0800d3b4   0x00000028   Code   RO         4741    i.vQueueAddToRegistry  queue.o
    0x0800d3dc   0x0000004a   Code   RO         4745    i.vQueueWaitForMessageRestricted  queue.o
    0x0800d426   0x00000002   PAD
    0x0800d428   0x00000070   Code   RO         4961    i.vTaskDelay        tasks.o
    0x0800d498   0x000000f4   Code   RO         4963    i.vTaskDelete       tasks.o
    0x0800d58c   0x0000000c   Code   RO         4967    i.vTaskMissedYield  tasks.o
    0x0800d598   0x00000058   Code   RO         4969    i.vTaskPlaceOnEventList  tasks.o
    0x0800d5f0   0x00000060   Code   RO         4970    i.vTaskPlaceOnEventListRestricted  tasks.o
    0x0800d650   0x0000008c   Code   RO         4972    i.vTaskPriorityInherit  tasks.o
    0x0800d6dc   0x00000028   Code   RO         4976    i.vTaskSetTimeOutState  tasks.o
    0x0800d704   0x000000a4   Code   RO         4977    i.vTaskStartScheduler  tasks.o
    0x0800d7a8   0x00000010   Code   RO         4979    i.vTaskSuspendAll   tasks.o
    0x0800d7b8   0x00000060   Code   RO         4980    i.vTaskSwitchContext  tasks.o
    0x0800d818   0x00000036   Code   RO         6068    i.validate          ff.o
    0x0800d84e   0x00000002   PAD
    0x0800d850   0x0000010c   Code   RO         5387    i.xPortStartScheduler  port.o
    0x0800d95c   0x00000030   Code   RO         5388    i.xPortSysTickHandler  port.o
    0x0800d98c   0x0000005c   Code   RO         4750    i.xQueueGenericCreate  queue.o
    0x0800d9e8   0x000001c4   Code   RO         4751    i.xQueueGenericReceive  queue.o
    0x0800dbac   0x000000a8   Code   RO         4752    i.xQueueGenericReset  queue.o
    0x0800dc54   0x00000190   Code   RO         4753    i.xQueueGenericSend  queue.o
    0x0800dde4   0x000000ec   Code   RO         4754    i.xQueueGenericSendFromISR  queue.o
    0x0800ded0   0x000000b0   Code   RO         4760    i.xQueueReceiveFromISR  queue.o
    0x0800df80   0x000000a4   Code   RO         4981    i.xTaskCheckForTimeOut  tasks.o
    0x0800e024   0x00000188   Code   RO         4982    i.xTaskCreate       tasks.o
    0x0800e1ac   0x0000001c   Code   RO         4986    i.xTaskGetSchedulerState  tasks.o
    0x0800e1c8   0x0000000c   Code   RO         4987    i.xTaskGetTickCount  tasks.o
    0x0800e1d4   0x0000010c   Code   RO         4989    i.xTaskIncrementTick  tasks.o
    0x0800e2e0   0x000000b8   Code   RO         4992    i.xTaskPriorityDisinherit  tasks.o
    0x0800e398   0x00000094   Code   RO         4993    i.xTaskRemoveFromEventList  tasks.o
    0x0800e42c   0x00000108   Code   RO         4995    i.xTaskResumeAll    tasks.o
    0x0800e534   0x000000bc   Code   RO         5278    i.xTimerCreateTimerTask  timers.o
    0x0800e5f0   0x0000009c   Code   RO         5279    i.xTimerGenericCommand  timers.o
    0x0800e68c   0x0000002c   Code   RO         7243    locale$$code        c_w.l(lc_numeric_c.o)
    0x0800e6b8   0x0000002c   Code   RO         7275    locale$$code        c_w.l(lc_ctype_c.o)
    0x0800e6e4   0x00000010   Code   RO         7427    x$fpl$dcheck1       fz_wv.l(dcheck1.o)
    0x0800e6f4   0x0000009c   Code   RO         7156    x$fpl$dnaninf       fz_wv.l(dnaninf.o)
    0x0800e790   0x0000000a   Code   RO         7254    x$fpl$fpinit        fz_wv.l(fpinit.o)
    0x0800e79a   0x00000002   PAD
    0x0800e79c   0x00000078   Code   RO         6950    x$fpl$llufromd      fz_wv.l(dfixull.o)
    0x0800e814   0x00000064   Code   RO         7429    x$fpl$retnan        fz_wv.l(retnan.o)
    0x0800e878   0x0000005c   Code   RO         7425    x$fpl$scalbn        fz_wv.l(scalbn.o)
    0x0800e8d4   0x00000004   Code   RO         7256    x$fpl$scanf1        fz_wv.l(scanf1.o)
    0x0800e8d8   0x00000008   Code   RO         7355    x$fpl$scanf2        fz_wv.l(scanf2.o)
    0x0800e8e0   0x00000030   Code   RO         7431    x$fpl$trapveneer    fz_wv.l(trapv.o)
    0x0800e910   0x00000000   Code   RO         7158    x$fpl$usenofp       fz_wv.l(usenofp.o)
    0x0800e910   0x00000010   Data   RO          461    .constdata          system_stm32f7xx.o
    0x0800e920   0x00000008   Data   RO          462    .constdata          system_stm32f7xx.o
    0x0800e928   0x00000008   Data   RO         2413    .constdata          stm32f7xx_hal_dma.o
    0x0800e930   0x0000004a   Data   RO         6070    .constdata          ff.o
    0x0800e97a   0x0002abb6   Data   RO         6339    .constdata          cc936.o
    0x08039530   0x00000024   Data   RO         6728    .constdata          malloc.o
    0x08039554   0x00000094   Data   RO         7304    .constdata          c_w.l(bigflt0.o)
    0x080395e8   0x00000020   Data   RO         7433    Region$$Table       anon$$obj.o
    0x08039608   0x00000008   Data   RO         7350    c$$dinf             fz_wv.l(fpconst.o)
    0x08039610   0x0000001c   Data   RO         7242    locale$$data        c_w.l(lc_numeric_c.o)
    0x0803962c   0x00000110   Data   RO         7274    locale$$data        c_w.l(lc_ctype_c.o)


    Execution Region RW_IRAM1 (Base: 0x20020000, Size: 0x00037fe0, Max: 0x00060000, ABSOLUTE, COMPRESSED[0x0000002c])

    Base Addr    Size         Type   Attr      Idx    E Section Name        Object

    0x20020000   0x0000000c   Data   RW           15    .data               main.o
    0x2002000c   0x00000008   Data   RW           16    .data               main.o
    0x20020014   0x00000004   Data   RW          463    .data               system_stm32f7xx.o
    0x20020018   0x00000018   Data   RW          621    .data               task1.o
    0x20020030   0x0000000c   Data   RW          682    .data               task2.o
    0x2002003c   0x0000000c   Data   RW          737    .data               gpstask.o
    0x20020048   0x00000003   Data   RW          782    .data               getgps.o
    0x2002004b   0x00000005   PAD
    0x20020050   0x00000068   Data   RW          866    .data               sendgps.o
    0x200200b8   0x00000008   Data   RW         1003    .data               delay.o
    0x200200c0   0x0000000c   Data   RW         1108    .data               usart.o
    0x200200cc   0x00000004   Data   RW         1109    .data               usart.o
    0x200200d0   0x00000004   Data   RW         1230    .data               stm32f7xx_hal.o
    0x200200d4   0x0000000e   Data   RW         4269    .data               mpu9250.o
    0x200200e2   0x00000001   Data   RW         4337    .data               exti.o
    0x200200e3   0x00000001   PAD
    0x200200e4   0x0000003c   Data   RW         4998    .data               tasks.o
    0x20020120   0x00000014   Data   RW         5287    .data               timers.o
    0x20020134   0x0000000c   Data   RW         5389    .data               port.o
    0x20020140   0x00000018   Data   RW         5475    .data               heap_4.o
    0x20020158   0x00000002   Data   RW         6071    .data               ff.o
    0x2002015a   0x00000002   PAD
    0x2002015c   0x0000000c   Data   RW         6394    .data               exfuns.o
    0x20020168   0x00000002   Data   RW         6679    .data               ringbuffer.o
    0x2002016a   0x00000002   PAD
    0x2002016c   0x00000024   Data   RW         6729    .data               malloc.o
    0x20020190   0x000004d0   Zero   RW            8    .bss                main.o
    0x20020660   0x0000000a   Zero   RW           11    .bss                main.o
    0x2002066a   0x00000006   PAD
    0x20020670   0x00000060   Zero   RW           12    .bss                main.o
    0x200206d0   0x0000001e   Zero   RW          781    .bss                getgps.o
    0x200206ee   0x000001bd   Zero   RW          865    .bss                sendgps.o
    0x200208ab   0x00000001   PAD
    0x200208ac   0x00000150   Zero   RW         1107    .bss                usart.o
    0x200209fc   0x00000078   Zero   RW         4104    .bss                timer.o
    0x20020a74   0x00000018   Zero   RW         4267    .bss                mpu9250.o
    0x20020a8c   0x000000c0   Zero   RW         4374    .bss                dma.o
    0x20020b4c   0x00000020   Zero   RW         4407    .bss                rtc.o
    0x20020b6c   0x00000004   PAD
    0x20020b70   0x00000378   Zero   RW         4461    .bss                sdmmc_sdcard.o
    0x20020ee8   0x00000040   Zero   RW         4765    .bss                queue.o
    0x20020f28   0x000002e4   Zero   RW         4997    .bss                tasks.o
    0x2002120c   0x00000028   Zero   RW         5286    .bss                timers.o
    0x20021234   0x0000b800   Zero   RW         5474    .bss                heap_4.o
    0x2002ca34   0x00000004   PAD
    0x2002ca38   0x000004d8   Zero   RW         5842    .bss                globalvars.o
    0x2002cf10   0x0000000c   Zero   RW         6069    .bss                ff.o
    0x2002cf1c   0x0000000c   Zero   RW         6389    .bss                exfuns.o
    0x2002cf28   0x00000258   Zero   RW         6678    .bss                ringbuffer.o
    0x2002d180   0x00028000   Zero   RW         6726    .bss                malloc.o
    0x20055180   0x00002800   Zero   RW         6727    .bss                malloc.o
    0x20057980   0x00000060   Zero   RW         7201    .bss                c_w.l(libspace.o)
    0x200579e0   0x00000200   Zero   RW         1196    HEAP                startup_stm32f767xx.o
    0x20057be0   0x00000400   Zero   RW         1195    STACK               startup_stm32f767xx.o



  Load Region LR$$.ARM.__AT_0x20000000 (Base: 0x20000000, Size: 0x00000000, Max: 0x0000f000, ABSOLUTE)

    Execution Region ER$$.ARM.__AT_0x20000000 (Base: 0x20000000, Size: 0x0000f000, Max: 0x0000f000, ABSOLUTE, UNINIT)

    Base Addr    Size         Type   Attr      Idx    E Section Name        Object

    0x20000000   0x0000f000   Zero   RW         6722    .ARM.__AT_0x20000000  malloc.o



  Load Region LR$$.ARM.__AT_0x2000F000 (Base: 0x2000f000, Size: 0x00000000, Max: 0x00000f00, ABSOLUTE)

    Execution Region ER$$.ARM.__AT_0x2000F000 (Base: 0x2000f000, Size: 0x00000f00, Max: 0x00000f00, ABSOLUTE, UNINIT)

    Base Addr    Size         Type   Attr      Idx    E Section Name        Object

    0x2000f000   0x00000f00   Zero   RW         6723    .ARM.__AT_0x2000F000  malloc.o



  Load Region LR$$.ARM.__AT_0xC01F4000 (Base: 0xc01f4000, Size: 0x00000000, Max: 0x01c3c000, ABSOLUTE)

    Execution Region ER$$.ARM.__AT_0xC01F4000 (Base: 0xc01f4000, Size: 0x01c3c000, Max: 0x01c3c000, ABSOLUTE, UNINIT)

    Base Addr    Size         Type   Attr      Idx    E Section Name        Object

    0xc01f4000   0x01c3c000   Zero   RW         6724    .ARM.__AT_0xC01F4000  malloc.o



  Load Region LR$$.ARM.__AT_0xC1E30000 (Base: 0xc1e30000, Size: 0x00000000, Max: 0x001c3c00, ABSOLUTE)

    Execution Region ER$$.ARM.__AT_0xC1E30000 (Base: 0xc1e30000, Size: 0x001c3c00, Max: 0x001c3c00, ABSOLUTE, UNINIT)

    Base Addr    Size         Type   Attr      Idx    E Section Name        Object

    0xc1e30000   0x001c3c00   Zero   RW         6725    .ARM.__AT_0xC1E30000  malloc.o


==============================================================================

Image component sizes


      Code (inc. data)   RO Data    RW Data    ZI Data      Debug   Object Name

         0          0          0          0          0       4240   basicfunc.o
       248         26     175030          0          0       3287   cc936.o
       222         18          0          8          0       3321   delay.o
       222          4          0          0          0       6367   diskio.o
       176         24          0          0        192       1439   dma.o
         0          0          0          0          0      11820   event_groups.o
       412        110          0         12         12       3718   exfuns.o
       116         20          0          1          0       2267   exti.o
     12234         98         74          2         12      73037   ff.o
      3122        454          0          3         30       7796   getgps.o
         0          0          0          0       1240        250   globalvars.o
       280         68          0         12          0       2962   gpstask.o
       612        140          0         24      47104       3875   heap_4.o
        76          8          0          0          0        903   led.o
       146          0          0          0          0       3334   list.o
       296         48          0         20       1338     481260   main.o
       424         52         36         36   31695616       6019   malloc.o
      1214         48          0         14         24       6640   mpu9250.o
       742         38          0          0          0       5921   myiic.o
      1038        400          0         12          0      10613   port.o
      2018        214          0          0         64      14382   queue.o
       152         18          0          2        600       2233   ringbuffer.o
       216         18          0          0         32       2427   rtc.o
      1072        116          0          0        888      40425   sdmmc_sdcard.o
      5398        240          0        104        445      20402   sendgps.o
        64         26        504          0       1536        852   startup_stm32f767xx.o
       128         22          0          4          0       4469   stm32f7xx_hal.o
       226         18          0          0          0      35601   stm32f7xx_hal_cortex.o
      1332         32          8          0          0       6979   stm32f7xx_hal_dma.o
       604         20          0          0          0       4038   stm32f7xx_hal_gpio.o
        16          4          0          0          0        567   stm32f7xx_hal_pwr.o
       124         10          0          0          0       1336   stm32f7xx_hal_pwr_ex.o
       636         64          0          0          0       3938   stm32f7xx_hal_rcc.o
      2844         62          0          0          0       4228   stm32f7xx_hal_rcc_ex.o
       970          8          0          0          0       7664   stm32f7xx_hal_rtc.o
      3736         24          0          0          0      25353   stm32f7xx_hal_sd.o
       668         20          0          0          0       7735   stm32f7xx_hal_tim.o
         4          0          0          0          0       1974   stm32f7xx_hal_tim_ex.o
      2592         54          0          0          0      15761   stm32f7xx_hal_uart.o
        46         28          0          0          0       2805   stm32f7xx_it.o
       154          0          0          0          0       5720   stm32f7xx_ll_sdmmc.o
       312         34          0          0          0      34097   sys.o
        88         24         24          4          0       1155   system_stm32f7xx.o
       216         40          0         24          0       4082   task1.o
       396        144          0         12          0       6136   task2.o
      2868        638          0         60        740      29791   tasks.o
       232         52          0          0        120       3563   timer.o
      1160        196          0         20         40       7767   timers.o
      1130        100          0         16        336       9461   usart.o

    ----------------------------------------------------------------------
     51052       3790     175708        400   31750384     944010   Object Totals
         0          0         32          0          0          0   (incl. Generated)
        70          8          0         10         15          0   (incl. Padding)

    ----------------------------------------------------------------------

      Code (inc. data)   RO Data    RW Data    ZI Data      Debug   Library Member Name

        58          0          0          0          0          0   __dczerorl.o
         8          0          0          0          0         68   __main.o
       184          0          0          0          0         84   __printf_ss.o
        14          0          0          0          0         68   __printf_wp.o
         0          0          0          0          0          0   __rtentry.o
        12          0          0          0          0          0   __rtentry2.o
         6          0          0          0          0          0   __rtentry4.o
        52          8          0          0          0          0   __scatter.o
        28          0          0          0          0          0   __scatter_zi.o
        28          0          0          0          0         68   _chval.o
        44          0          0          0          0        108   _printf_char.o
        48          6          0          0          0         96   _printf_char_common.o
        36          4          0          0          0         80   _printf_char_file.o
         6          0          0          0          0          0   _printf_d.o
       120         16          0          0          0         92   _printf_dec.o
       178          0          0          0          0         88   _printf_intcommon.o
         0          0          0          0          0          0   _printf_percent.o
         4          0          0          0          0          0   _printf_percent_end.o
         6          0          0          0          0          0   _printf_s.o
        82          0          0          0          0         80   _printf_str.o
        22          0          0          0          0        100   _rserrno.o
        64          0          0          0          0         84   _sgetc.o
       158          0          0          0          0         92   _strtoul.o
         8          0          0          0          0         68   abs.o
        16          0          0          0          0         68   aeabi_memset.o
        26          0          0          0          0         80   atoi.o
       220          4        148          0          0         96   bigflt0.o
      1846        132          0          0          0        736   btod.o
        18          0          0          0          0         80   exit.o
         8          0          0          0          0         68   ferror.o
         6          0          0          0          0        152   heapauxi.o
        18          0          0          0          0         76   isspace.o
        44         10        272          0          0         76   lc_ctype_c.o
        44         10         28          0          0         76   lc_numeric_c.o
         2          0          0          0          0          0   libinit.o
        34          0          0          0          0          0   libinit2.o
         2          0          0          0          0          0   libshutdown.o
         2          0          0          0          0          0   libshutdown2.o
         8          4          0          0         96         68   libspace.o
        38          0          0          0          0         68   llshl.o
       238          0          0          0          0        100   lludivv7m.o
        24          4          0          0          0         84   noretval__2printf.o
        16          4          0          0          0         76   rt_ctype_table.o
         8          4          0          0          0         68   rt_errno_addr_intlibspace.o
         8          4          0          0          0         68   rt_locale_intlibspace.o
        68          0          0          0          0         68   rt_memclr.o
        78          0          0          0          0         80   rt_memclr_w.o
       138          0          0          0          0         68   rt_memcpy_v6.o
       100          0          0          0          0         80   rt_memcpy_w.o
         2          0          0          0          0          0   rtexit.o
        10          0          0          0          0          0   rtexit2.o
      1188         12          0          0          0        148   scanf_fp.o
       800         14          0          0          0        100   scanf_hexfp.o
       308         16          0          0          0        100   scanf_infnan.o
       104          0          0          0          0         68   strcmpv7m_pel.o
       164         14          0          0          0        120   strtod.o
       112          0          0          0          0         88   strtol.o
        74          0          0          0          0         80   sys_stackheap_outer.o
         2          0          0          0          0         68   use_no_semi.o
         2          0          0          0          0         68   use_no_semi_2.o
        16          4          0          0          0        116   dcheck1.o
       120          4          0          0          0        152   dfixull.o
       156          4          0          0          0        140   dnaninf.o
         0          0          8          0          0          0   fpconst.o
        10          0          0          0          0        116   fpinit.o
       100          0          0          0          0        116   retnan.o
        92          0          0          0          0        116   scalbn.o
         4          0          0          0          0        116   scanf1.o
         8          0          0          0          0        132   scanf2.o
        48          0          0          0          0        116   trapv.o
         0          0          0          0          0          0   usenofp.o
        56         12          0          0          0        132   atof.o
        48         28          0          0          0        232   dunder.o
       140         22          0          0          0        128   frexp.o
       184         14          0          0          0        156   ldexp.o
       164         20          0          0          0        152   narrow.o

    ----------------------------------------------------------------------
      8108        380        456          0         96       6272   Library Totals
        20          6          0          0          0          0   (incl. Padding)

    ----------------------------------------------------------------------

      Code (inc. data)   RO Data    RW Data    ZI Data      Debug   Library Name

      6942        266        448          0         96       4352   c_w.l
       554         12          8          0          0       1120   fz_wv.l
       592         96          0          0          0        800   m_wv.l

    ----------------------------------------------------------------------
      8108        380        456          0         96       6272   Library Totals

    ----------------------------------------------------------------------

==============================================================================


      Code (inc. data)   RO Data    RW Data    ZI Data      Debug   

     59160       4170     176164        400   31750480     917538   Grand Totals
     59160       4170     176164         44   31750480     917538   ELF Image Totals (compressed)
     59160       4170     176164         44          0          0   ROM Totals

==============================================================================

    Total RO  Size (Code + RO Data)               235324 ( 229.81kB)
    Total RW  Size (RW Data + ZI Data)          31750880 (31006.72kB)
    Total ROM Size (Code + RO Data + RW Data)     235368 ( 229.85kB)

==============================================================================

