<html>
<body>
<pre>
<h1>礦ision Build Log</h1>
<h2>Tool Versions:</h2>
IDE-Version: μVision V5.21.1.0
Copyright (C) 2016 ARM Ltd and ARM Germany GmbH. All rights reserved.
License Information: D Dawn, E, LIC=MGXG8-3825T-LV21I-T7VFI-ME3BI-LZH5K
 
Tool Versions:
Toolchain:       MDK-ARM Professional  Version: 5.21a
Toolchain Path:  D:\Keil_v5\ARM\ARMCC\Bin
C Compiler:      Armcc.exe V5.06 update 3 (build 300)
Assembler:       Armasm.exe V5.06 update 3 (build 300)
Linker/Locator:  ArmLink.exe V5.06 update 3 (build 300)
Library Manager: ArmAr.exe V5.06 update 3 (build 300)
Hex Converter:   FromElf.exe V5.06 update 3 (build 300)
CPU DLL:         SARMCM3.DLL V5.21a
Dialog DLL:      DCM.DLL V1.13.8.0
Target DLL:      STLink\ST-LINKIII-KEIL_SWO.dll V2.0.18.0
Dialog DLL:      TCM.DLL V1.14.14.0
 
<h2>Project:</h2>
D:\works\20200317-FreeRTOS---GPS移植\20200417-M8N-MPU9250-SD-34\USER\FreeRTOS.uvprojx
Project File Date:  04/23/2020

<h2>Output:</h2>
*** Using Compiler 'V5.06 update 3 (build 300)', folder: 'D:\Keil_v5\ARM\ARMCC\Bin'
Build target 'FreeRTOS'
compiling task2.c...
SendGPS.h(15): warning:  #1-D: last line of file ends without a newline
  #endif
..\FATFS\exfuns\exfuns.h(89): warning:  #1295-D: Deprecated declaration sd_creatfile - give arg types
  void sd_creatfile();
task2.c: 2 warnings, 0 errors
compiling mpu9250.c...
..\HARDWARE\MPU9250\mpu9250.c(172): warning:  #177-D: variable "i" was declared but never referenced
  	uint8_t IMU_DATAT[60],Change_Data[10],Imu_Up_Num=0,CheckNumData=0,i;
..\HARDWARE\MPU9250\mpu9250.c: 1 warning, 0 errors
compiling SendGPS.c...
SendGPS.h(15): warning:  #1-D: last line of file ends without a newline
  #endif
..\FATFS\exfuns\exfuns.h(89): warning:  #1295-D: Deprecated declaration sd_creatfile - give arg types
  void sd_creatfile();
SendGPS.c(53): warning:  #223-D: function "abs" declared implicitly
    if(abs(Angle)>=100)
SendGPS.c(220): warning:  #223-D: function "abs" declared implicitly
    if(abs(Angle)>=100)
SendGPS.c(527): warning:  #223-D: function "abs" declared implicitly
   if(abs(Angle)>=1000)
SendGPS.c(766): warning:  #223-D: function "abs" declared implicitly
   if(abs(GGAIData)>=100)
SendGPS.c(831): warning:  #223-D: function "abs" declared implicitly
   if(abs(GGAIData)>=1000)
SendGPS.c(1026): warning:  #223-D: function "abs" declared implicitly
   if(abs(GGAIData)>=10000)
SendGPS.c(1116): warning:  #223-D: function "abs" declared implicitly
   if(abs(GGAIData)>=10000)
SendGPS.c(1279): warning:  #223-D: function "abs" declared implicitly
   if(abs(GGAIData)>=100)
SendGPS.c(1328): warning:  #177-D: variable "MisAngleT" was declared but never referenced
  	float MisAngleT;
SendGPS.c(1349): warning:  #550-D: variable "Mag_Data" was set but never used
  	uint8_t  Mag_Data[4];          //980/098/9.8/0.9            //Magnetic Variatio     ??????	???3?
SendGPS.c(1352): warning:  #550-D: variable "RMCGroundSpeed" was set but never used
  	float    RMCGroundSpeed;
SendGPS.c: 13 warnings, 0 errors
compiling ringbuffer.c...
compiling exfuns.c...
..\FATFS\exfuns\exfuns.h(89): warning:  #1295-D: Deprecated declaration sd_creatfile - give arg types
  void sd_creatfile();
..\FATFS\exfuns\exfuns.c(402): warning:  #177-D: variable "fatsd" was declared but never referenced
  FATFS fatsd;
..\FATFS\exfuns\exfuns.c(406): warning:  #177-D: variable "dirobj" was declared but never referenced
  DIR dirobj;    //目录????
..\FATFS\exfuns\exfuns.c(407): warning:  #177-D: variable "fileinfoobj" was declared but never referenced
  FILINFO fileinfoobj;  //??来保??目录?募???息
..\FATFS\exfuns\exfuns.c(428): warning:  #177-D: variable "fatsd" was declared but never referenced
  	FATFS fatsd;
..\FATFS\exfuns\exfuns.c(432): warning:  #177-D: variable "dirobj" was declared but never referenced
  	DIR dirobj;    //目录????
..\FATFS\exfuns\exfuns.c(433): warning:  #177-D: variable "fileinfoobj" was declared but never referenced
  	FILINFO fileinfoobj;  //??来保??目录?募???息
..\FATFS\exfuns\exfuns.c(445): warning:  #177-D: variable "fatsd" was declared but never referenced
  		FATFS fatsd;
..\FATFS\exfuns\exfuns.c(447): warning:  #550-D: variable "fr" was set but never used
  	FRESULT fr;
..\FATFS\exfuns\exfuns.c(449): warning:  #177-D: variable "dirobj" was declared but never referenced
  	DIR dirobj;    //目录????
..\FATFS\exfuns\exfuns.c(450): warning:  #177-D: variable "fileinfoobj" was declared but never referenced
  	FILINFO fileinfoobj;  //??来保??目录?募???息
..\FATFS\exfuns\exfuns.c(461): warning:  #177-D: variable "fatsd" was declared but never referenced
  		FATFS fatsd;
..\FATFS\exfuns\exfuns.c(463): warning:  #550-D: variable "fr" was set but never used
  	FRESULT fr;
..\FATFS\exfuns\exfuns.c(464): warning:  #177-D: variable "brs" was declared but never referenced
  	UINT brs;
..\FATFS\exfuns\exfuns.c(465): warning:  #177-D: variable "dirobj" was declared but never referenced
  	DIR dirobj;    //目录????
..\FATFS\exfuns\exfuns.c(466): warning:  #177-D: variable "fileinfoobj" was declared but never referenced
  	FILINFO fileinfoobj;  //??来保??目录?募???息
..\FATFS\exfuns\exfuns.c(478): warning:  #177-D: variable "fatsd" was declared but never referenced
  		FATFS fatsd;
..\FATFS\exfuns\exfuns.c(480): warning:  #550-D: variable "fr" was set but never used
  	FRESULT fr;
..\FATFS\exfuns\exfuns.c(481): warning:  #177-D: variable "brs" was declared but never referenced
  	UINT brs;
..\FATFS\exfuns\exfuns.c(482): warning:  #177-D: variable "dirobj" was declared but never referenced
  	DIR dirobj;    //目录????
..\FATFS\exfuns\exfuns.c(483): warning:  #177-D: variable "fileinfoobj" was declared but never referenced
  	FILINFO fileinfoobj;  //??来保??目录?募???息
..\FATFS\exfuns\exfuns.c(493): warning:  #177-D: variable "fatsd" was declared but never referenced
  		FATFS fatsd;
..\FATFS\exfuns\exfuns.c(495): warning:  #550-D: variable "fr" was set but never used
  	FRESULT fr;
..\FATFS\exfuns\exfuns.c(496): warning:  #177-D: variable "brs" was declared but never referenced
  	UINT brs;
..\FATFS\exfuns\exfuns.c(497): warning:  #177-D: variable "dirobj" was declared but never referenced
  	DIR dirobj;    //目录????
..\FATFS\exfuns\exfuns.c(498): warning:  #177-D: variable "fileinfoobj" was declared but never referenced
  	FILINFO fileinfoobj;  //??来保??目录?募???息
..\FATFS\exfuns\exfuns.c(513): warning:  #177-D: variable "fatsd" was declared but never referenced
  		FATFS fatsd;
..\FATFS\exfuns\exfuns.c(514): warning:  #177-D: variable "fileobj" was declared but never referenced
  	FIL fileobj;   //?募??螅４娴?前???鞯??募?状??
..\FATFS\exfuns\exfuns.c(516): warning:  #177-D: variable "brs" was declared but never referenced
  	UINT brs;
..\FATFS\exfuns\exfuns.c(539): warning:  #177-D: variable "fatsd" was declared but never referenced
  		FATFS fatsd;
..\FATFS\exfuns\exfuns.c(540): warning:  #177-D: variable "fileobj" was declared but never referenced
  	FIL fileobj;   //?募??螅４娴?前???鞯??募?状??
..\FATFS\exfuns\exfuns.c(541): warning:  #177-D: variable "fr" was declared but never referenced
  	FRESULT fr;
..\FATFS\exfuns\exfuns.c(542): warning:  #177-D: variable "brs" was declared but never referenced
  	UINT brs;
..\FATFS\exfuns\exfuns.c(543): warning:  #177-D: variable "dirobj" was declared but never referenced
  	DIR dirobj;    //目录????
..\FATFS\exfuns\exfuns.c(544): warning:  #177-D: variable "fileinfoobj" was declared but never referenced
  	FILINFO fileinfoobj;  //??来保??目录?募???息
..\FATFS\exfuns\exfuns.c(545): warning:  #177-D: variable "recdir" was declared but never referenced
  	DIR recdir;	
..\FATFS\exfuns\exfuns.c(559): warning:  #177-D: variable "fatsd" was declared but never referenced
  		FATFS fatsd;
..\FATFS\exfuns\exfuns.c(560): warning:  #177-D: variable "fileobj" was declared but never referenced
  	FIL fileobj;   //?募??螅４娴?前???鞯??募?状??
..\FATFS\exfuns\exfuns.c(562): warning:  #177-D: variable "brs" was declared but never referenced
  	UINT brs;
..\FATFS\exfuns\exfuns.c(617): warning:  #177-D: variable "brs" was declared but never referenced
  	UINT brs;
..\FATFS\exfuns\exfuns.c(618): warning:  #177-D: variable "recdir" was declared but never referenced
  	DIR recdir;
..\FATFS\exfuns\exfuns.c(621): warning:  #177-D: variable "res" was declared but never referenced
  	u8 res =0,i;
..\FATFS\exfuns\exfuns.c(623): warning:  #177-D: variable "p" was declared but never referenced
  	char *p = aa;
..\FATFS\exfuns\exfuns.c(654): warning:  #177-D: variable "recdir" was declared but never referenced
  		DIR recdir;
..\FATFS\exfuns\exfuns.c: 44 warnings, 0 errors
linking...
Program Size: Code=59160 RO-data=176164 RW-data=400 ZI-data=31750480  
FromELF: creating hex file...
"..\OBJ\LED.axf" - 0 Error(s), 60 Warning(s).

<h2>Collection of Component include folders:</h2>
  D:\works\20200317-FreeRTOS---GPS移植\20200417-M8N-MPU9250-SD-34\USER\RTE
  D:\Keil_v5\ARM\PACK\Keil\STM32F7xx_DFP\2.7.0\Drivers\CMSIS\Device\ST\STM32F7xx\Include

<h2>Collection of Component Files used:</h2>
Build Time Elapsed:  00:00:29
</pre>
</body>
</html>
